Component: ARM Compiler 5.05 update 2 (build 169) Tool: armlink [4d0f33]

==============================================================================

Section Cross References

    startup_stm32f40xx.o(RESET) refers to startup_stm32f40xx.o(STACK) for __initial_sp
    startup_stm32f40xx.o(RESET) refers to startup_stm32f40xx.o(.text) for Reset_Handler
    startup_stm32f40xx.o(RESET) refers to stm32f4xx_it.o(i.NMI_Handler) for NMI_Handler
    startup_stm32f40xx.o(RESET) refers to stm32f4xx_it.o(i.HardFault_Handler) for HardFault_Handler
    startup_stm32f40xx.o(RESET) refers to stm32f4xx_it.o(i.MemManage_Handler) for MemManage_Handler
    startup_stm32f40xx.o(RESET) refers to stm32f4xx_it.o(i.BusFault_Handler) for BusFault_Handler
    startup_stm32f40xx.o(RESET) refers to stm32f4xx_it.o(i.UsageFault_Handler) for UsageFault_Handler
    startup_stm32f40xx.o(RESET) refers to stm32f4xx_it.o(i.SVC_Handler) for SVC_Handler
    startup_stm32f40xx.o(RESET) refers to stm32f4xx_it.o(i.DebugMon_Handler) for DebugMon_Handler
    startup_stm32f40xx.o(RESET) refers to stm32f4xx_it.o(i.PendSV_Handler) for PendSV_Handler
    startup_stm32f40xx.o(RESET) refers to bsp_timer.o(i.SysTick_Handler) for SysTick_Handler
    startup_stm32f40xx.o(RESET) refers to bsp_pulse.o(i.EXTI9_5_IRQHandler) for EXTI9_5_IRQHandler
    startup_stm32f40xx.o(RESET) refers to bsp_basic_tim.o(i.TIM6_DAC_IRQHandler) for TIM6_DAC_IRQHandler
    startup_stm32f40xx.o(.text) refers to system_stm32f4xx.o(i.SystemInit) for SystemInit
    startup_stm32f40xx.o(.text) refers to entry.o(.ARM.Collect$$$$00000000) for __main
    system_stm32f4xx.o(i.SystemCoreClockUpdate) refers to system_stm32f4xx.o(.data) for SystemCoreClock
    system_stm32f4xx.o(i.SystemInit) refers to system_stm32f4xx.o(i.SetSysClock) for SetSysClock
    stm32f4xx_adc.o(i.ADC_DeInit) refers to stm32f4xx_rcc.o(i.RCC_APB2PeriphResetCmd) for RCC_APB2PeriphResetCmd
    stm32f4xx_can.o(i.CAN_DeInit) refers to stm32f4xx_rcc.o(i.RCC_APB1PeriphResetCmd) for RCC_APB1PeriphResetCmd
    stm32f4xx_can.o(i.CAN_GetITStatus) refers to stm32f4xx_can.o(i.CheckITStatus) for CheckITStatus
    stm32f4xx_cryp.o(i.CRYP_DeInit) refers to stm32f4xx_rcc.o(i.RCC_AHB2PeriphResetCmd) for RCC_AHB2PeriphResetCmd
    stm32f4xx_cryp_aes.o(i.CRYP_AES_CBC) refers to stm32f4xx_cryp.o(i.CRYP_KeyStructInit) for CRYP_KeyStructInit
    stm32f4xx_cryp_aes.o(i.CRYP_AES_CBC) refers to stm32f4xx_cryp.o(i.CRYP_FIFOFlush) for CRYP_FIFOFlush
    stm32f4xx_cryp_aes.o(i.CRYP_AES_CBC) refers to stm32f4xx_cryp.o(i.CRYP_Init) for CRYP_Init
    stm32f4xx_cryp_aes.o(i.CRYP_AES_CBC) refers to stm32f4xx_cryp.o(i.CRYP_KeyInit) for CRYP_KeyInit
    stm32f4xx_cryp_aes.o(i.CRYP_AES_CBC) refers to stm32f4xx_cryp.o(i.CRYP_Cmd) for CRYP_Cmd
    stm32f4xx_cryp_aes.o(i.CRYP_AES_CBC) refers to stm32f4xx_cryp.o(i.CRYP_GetFlagStatus) for CRYP_GetFlagStatus
    stm32f4xx_cryp_aes.o(i.CRYP_AES_CBC) refers to stm32f4xx_cryp.o(i.CRYP_IVInit) for CRYP_IVInit
    stm32f4xx_cryp_aes.o(i.CRYP_AES_CBC) refers to stm32f4xx_cryp.o(i.CRYP_GetCmdStatus) for CRYP_GetCmdStatus
    stm32f4xx_cryp_aes.o(i.CRYP_AES_CBC) refers to stm32f4xx_cryp.o(i.CRYP_DataIn) for CRYP_DataIn
    stm32f4xx_cryp_aes.o(i.CRYP_AES_CBC) refers to stm32f4xx_cryp.o(i.CRYP_DataOut) for CRYP_DataOut
    stm32f4xx_cryp_aes.o(i.CRYP_AES_CCM) refers to stm32f4xx_cryp.o(i.CRYP_KeyStructInit) for CRYP_KeyStructInit
    stm32f4xx_cryp_aes.o(i.CRYP_AES_CCM) refers to stm32f4xx_cryp.o(i.CRYP_FIFOFlush) for CRYP_FIFOFlush
    stm32f4xx_cryp_aes.o(i.CRYP_AES_CCM) refers to stm32f4xx_cryp.o(i.CRYP_KeyInit) for CRYP_KeyInit
    stm32f4xx_cryp_aes.o(i.CRYP_AES_CCM) refers to stm32f4xx_cryp.o(i.CRYP_IVInit) for CRYP_IVInit
    stm32f4xx_cryp_aes.o(i.CRYP_AES_CCM) refers to stm32f4xx_cryp.o(i.CRYP_Init) for CRYP_Init
    stm32f4xx_cryp_aes.o(i.CRYP_AES_CCM) refers to stm32f4xx_cryp.o(i.CRYP_PhaseConfig) for CRYP_PhaseConfig
    stm32f4xx_cryp_aes.o(i.CRYP_AES_CCM) refers to stm32f4xx_cryp.o(i.CRYP_DataIn) for CRYP_DataIn
    stm32f4xx_cryp_aes.o(i.CRYP_AES_CCM) refers to stm32f4xx_cryp.o(i.CRYP_Cmd) for CRYP_Cmd
    stm32f4xx_cryp_aes.o(i.CRYP_AES_CCM) refers to stm32f4xx_cryp.o(i.CRYP_GetCmdStatus) for CRYP_GetCmdStatus
    stm32f4xx_cryp_aes.o(i.CRYP_AES_CCM) refers to stm32f4xx_cryp.o(i.CRYP_GetFlagStatus) for CRYP_GetFlagStatus
    stm32f4xx_cryp_aes.o(i.CRYP_AES_CCM) refers to stm32f4xx_cryp.o(i.CRYP_DataOut) for CRYP_DataOut
    stm32f4xx_cryp_aes.o(i.CRYP_AES_CTR) refers to stm32f4xx_cryp.o(i.CRYP_KeyStructInit) for CRYP_KeyStructInit
    stm32f4xx_cryp_aes.o(i.CRYP_AES_CTR) refers to stm32f4xx_cryp.o(i.CRYP_KeyInit) for CRYP_KeyInit
    stm32f4xx_cryp_aes.o(i.CRYP_AES_CTR) refers to stm32f4xx_cryp.o(i.CRYP_Init) for CRYP_Init
    stm32f4xx_cryp_aes.o(i.CRYP_AES_CTR) refers to stm32f4xx_cryp.o(i.CRYP_IVInit) for CRYP_IVInit
    stm32f4xx_cryp_aes.o(i.CRYP_AES_CTR) refers to stm32f4xx_cryp.o(i.CRYP_FIFOFlush) for CRYP_FIFOFlush
[...]
    tcp_echoclient_poll                      0x08005a01   Thumb Code    60  tcp_echoclient.o(i.tcp_echoclient_poll)
    i.tcp_echoclient_recv                    0x08005a3c   Section        0  tcp_echoclient.o(i.tcp_echoclient_recv)
    tcp_echoclient_recv                      0x08005a3d   Thumb Code   174  tcp_echoclient.o(i.tcp_echoclient_recv)
    i.tcp_echoclient_send                    0x08005afc   Section        0  tcp_echoclient.o(i.tcp_echoclient_send)
    tcp_echoclient_send                      0x08005afd   Thumb Code    80  tcp_echoclient.o(i.tcp_echoclient_send)
    i.tcp_echoclient_sent                    0x08005b4c   Section        0  tcp_echoclient.o(i.tcp_echoclient_sent)
    tcp_echoclient_sent                      0x08005b4d   Thumb Code    30  tcp_echoclient.o(i.tcp_echoclient_sent)
    i.tcp_eff_send_mss                       0x08005b6a   Section        0  tcp.o(i.tcp_eff_send_mss)
    i.tcp_enqueue_flags                      0x08005b98   Section        0  tcp_out.o(i.tcp_enqueue_flags)
    i.tcp_fasttmr                            0x08005ca8   Section        0  tcp.o(i.tcp_fasttmr)
    i.tcp_input                              0x08005d24   Section        0  tcp_in.o(i.tcp_input)
    i.tcp_keepalive                          0x080061a0   Section        0  tcp_out.o(i.tcp_keepalive)
    i.tcp_kill_prio                          0x080061e4   Section        0  tcp.o(i.tcp_kill_prio)
    tcp_kill_prio                            0x080061e5   Thumb Code    76  tcp.o(i.tcp_kill_prio)
    i.tcp_kill_timewait                      0x08006238   Section        0  tcp.o(i.tcp_kill_timewait)
    tcp_kill_timewait                        0x08006239   Thumb Code    50  tcp.o(i.tcp_kill_timewait)
    i.tcp_listen_input                       0x08006274   Section        0  tcp_in.o(i.tcp_listen_input)
    tcp_listen_input                         0x08006275   Thumb Code   268  tcp_in.o(i.tcp_listen_input)
    i.tcp_new                                0x080063a4   Section        0  tcp.o(i.tcp_new)
    i.tcp_new_port                           0x080063b0   Section        0  tcp.o(i.tcp_new_port)
    tcp_new_port                             0x080063b1   Thumb Code    96  tcp.o(i.tcp_new_port)
    i.tcp_next_iss                           0x08006418   Section        0  tcp.o(i.tcp_next_iss)
    i.tcp_output                             0x08006434   Section        0  tcp_out.o(i.tcp_output)
    i.tcp_output_alloc_header                0x080065f4   Section        0  tcp_out.o(i.tcp_output_alloc_header)
    tcp_output_alloc_header                  0x080065f5   Thumb Code   120  tcp_out.o(i.tcp_output_alloc_header)
    i.tcp_output_segment                     0x0800666c   Section        0  tcp_out.o(i.tcp_output_segment)
    tcp_output_segment                       0x0800666d   Thumb Code   202  tcp_out.o(i.tcp_output_segment)
    i.tcp_parseopt                           0x0800673c   Section        0  tcp_in.o(i.tcp_parseopt)
    tcp_parseopt                             0x0800673d   Thumb Code   178  tcp_in.o(i.tcp_parseopt)
    i.tcp_pbuf_prealloc                      0x080067f4   Section        0  tcp_out.o(i.tcp_pbuf_prealloc)
    tcp_pbuf_prealloc                        0x080067f5   Thumb Code   120  tcp_out.o(i.tcp_pbuf_prealloc)
    i.tcp_pcb_purge                          0x0800686c   Section        0  tcp.o(i.tcp_pcb_purge)
    i.tcp_pcb_remove                         0x080068ac   Section        0  tcp.o(i.tcp_pcb_remove)
    i.tcp_poll                               0x0800693c   Section        0  tcp.o(i.tcp_poll)
    i.tcp_process                            0x0800694c   Section        0  tcp_in.o(i.tcp_process)
    tcp_process                              0x0800694d   Thumb Code  1392  tcp_in.o(i.tcp_process)
    i.tcp_process_refused_data               0x08006ed8   Section        0  tcp.o(i.tcp_process_refused_data)
    i.tcp_pulse_send                         0x08006f64   Section        0  tcp_echoclient.o(i.tcp_pulse_send)
    i.tcp_receive                            0x08006fc0   Section        0  tcp_in.o(i.tcp_receive)
    tcp_receive                              0x08006fc1   Thumb Code  1576  tcp_in.o(i.tcp_receive)
    i.tcp_recv                               0x080075fc   Section        0  tcp.o(i.tcp_recv)
    i.tcp_recv_null                          0x08007604   Section        0  tcp.o(i.tcp_recv_null)
    i.tcp_recved                             0x08007632   Section        0  tcp.o(i.tcp_recved)
    i.tcp_rexmit                             0x08007678   Section        0  tcp_out.o(i.tcp_rexmit)
    i.tcp_rexmit_fast                        0x080076d2   Section        0  tcp_out.o(i.tcp_rexmit_fast)
    i.tcp_rexmit_rto                         0x08007742   Section        0  tcp_out.o(i.tcp_rexmit_rto)
    i.tcp_rst                                0x0800777c   Section        0  tcp_out.o(i.tcp_rst)
    i.tcp_seg_free                           0x080077f8   Section        0  tcp.o(i.tcp_seg_free)
    i.tcp_segs_free                          0x08007812   Section        0  tcp.o(i.tcp_segs_free)
    i.tcp_send_empty_ack                     0x0800782a   Section        0  tcp_out.o(i.tcp_send_empty_ack)
    i.tcp_send_fin                           0x08007878   Section        0  tcp_out.o(i.tcp_send_fin)
    i.tcp_sent                               0x080078c2   Section        0  tcp.o(i.tcp_sent)
    i.tcp_slowtmr                            0x080078cc   Section        0  tcp.o(i.tcp_slowtmr)
    i.tcp_temprature_send                    0x08007c00   Section        0  tcp_echoclient.o(i.tcp_temprature_send)
    i.tcp_timer_needed                       0x08007c8c   Section        0  timers.o(i.tcp_timer_needed)
    i.tcp_timewait_input                     0x08007c90   Section        0  tcp_in.o(i.tcp_timewait_input)
    tcp_timewait_input                       0x08007c91   Thumb Code   140  tcp_in.o(i.tcp_timewait_input)
    i.tcp_tmr                                0x08007d3c   Section        0  tcp.o(i.tcp_tmr)
    i.tcp_update_rcv_ann_wnd                 0x08007d60   Section        0  tcp.o(i.tcp_update_rcv_ann_wnd)
    i.tcp_vibration_send                     0x08007db0   Section        0  tcp_echoclient.o(i.tcp_vibration_send)
    i.tcp_write                              0x08007dfc   Section        0  tcp_out.o(i.tcp_write)
    i.tcp_write_checks                       0x08008180   Section        0  tcp_out.o(i.tcp_write_checks)
    tcp_write_checks                         0x08008181   Thumb Code   112  tcp_out.o(i.tcp_write_checks)
    i.tcp_zero_window_probe                  0x080081f0   Section        0  tcp_out.o(i.tcp_zero_window_probe)
    i.udp_bind                               0x08008294   Section        0  udp.o(i.udp_bind)
    i.udp_input                              0x08008314   Section        0  udp.o(i.udp_input)
    i.udp_new_port                           0x080084e4   Section        0  udp.o(i.udp_new_port)
    udp_new_port                             0x080084e5   Thumb Code    80  udp.o(i.udp_new_port)
    i.udp_sendto_if                          0x0800853c   Section        0  udp.o(i.udp_sendto_if)
    .constdata                               0x0800860a   Section       48  bsp_timer.o(.constdata)
    __FUNCTION__                             0x0800860a   Data          15  bsp_timer.o(.constdata)
    __FUNCTION__                             0x08008619   Data          19  bsp_timer.o(.constdata)
    __FUNCTION__                             0x0800862c   Data          14  bsp_timer.o(.constdata)
    .constdata                               0x0800863c   Section        8  ip_addr.o(.constdata)
    .constdata                               0x08008644   Section       36  memp.o(.constdata)
    memp_sizes                               0x08008644   Data          18  memp.o(.constdata)
    memp_num                                 0x08008656   Data          18  memp.o(.constdata)
    .constdata                               0x08008668   Section       80  tcp.o(.constdata)
    .constdata                               0x080086b8   Section       12  etharp.o(.constdata)
    .conststring                             0x080086c4   Section      117  tcp.o(.conststring)
    .data                                    0x20000000   Section       20  system_stm32f4xx.o(.data)
    .data                                    0x20000014   Section       16  stm32f4xx_rcc.o(.data)
    APBAHBPrescTable                         0x20000014   Data          16  stm32f4xx_rcc.o(.data)
    .data                                    0x20000024   Section       16  netconf.o(.data)
    .data                                    0x20000034   Section       20  tcp_echoclient.o(.data)
    .data                                    0x20000048   Section        2  bsp_ad7606.o(.data)
    i                                        0x20000048   Data           1  bsp_ad7606.o(.data)
    .data                                    0x2000004c   Section       20  bsp_pulse.o(.data)
    time2                                    0x2000005c   Data           4  bsp_pulse.o(.data)
    .data                                    0x20000060   Section        4  bsp_basic_tim.o(.data)
    .data                                    0x20000064   Section        6  lan8742a.o(.data)
    status                                   0x20000069   Data           1  lan8742a.o(.data)
    .data                                    0x2000006c   Section       16  stm32f429_eth.o(.data)
    .data                                    0x2000007c   Section       13  bsp_timer.o(.data)
    s_uiDelayCount                           0x2000007c   Data           4  bsp_timer.o(.data)
    s_ucTimeOutFlag                          0x20000080   Data           1  bsp_timer.o(.data)
    s_count                                  0x20000088   Data           1  bsp_timer.o(.data)
    .data                                    0x2000008c   Section       18  ip.o(.data)
    ip_id                                    0x2000009c   Data           2  ip.o(.data)
    .data                                    0x200000a0   Section        6  ip_frag.o(.data)
    reassdatagrams                           0x200000a0   Data           4  ip_frag.o(.data)
    ip_reass_pbufcount                       0x200000a4   Data           2  ip_frag.o(.data)
    .data                                    0x200000a8   Section        4  dhcp.o(.data)
    xid                                      0x200000a8   Data           4  dhcp.o(.data)
    .data                                    0x200000ac   Section       12  mem.o(.data)
    ram                                      0x200000ac   Data           4  mem.o(.data)
    ram_end                                  0x200000b0   Data           4  mem.o(.data)
    lfree                                    0x200000b4   Data           4  mem.o(.data)
    .data                                    0x200000b8   Section        9  netif.o(.data)
    netif_num                                0x200000c0   Data           1  netif.o(.data)
    .data                                    0x200000c4   Section        4  raw.o(.data)
    raw_pcbs                                 0x200000c4   Data           4  raw.o(.data)
    .data                                    0x200000c8   Section       36  tcp.o(.data)
    tcp_port                                 0x200000c8   Data           2  tcp.o(.data)
    tcp_timer                                0x200000e5   Data           1  tcp.o(.data)
    tcp_timer_ctr                            0x200000e6   Data           1  tcp.o(.data)
    iss                                      0x200000e8   Data           4  tcp.o(.data)
    .data                                    0x200000ec   Section       32  tcp_in.o(.data)
    tcphdr                                   0x200000ec   Data           4  tcp_in.o(.data)
    iphdr                                    0x200000f0   Data           4  tcp_in.o(.data)
    seqno                                    0x200000f4   Data           4  tcp_in.o(.data)
    ackno                                    0x200000f8   Data           4  tcp_in.o(.data)
    flags                                    0x200000fc   Data           1  tcp_in.o(.data)
    tcplen                                   0x200000fe   Data           2  tcp_in.o(.data)
    recv_flags                               0x20000100   Data           1  tcp_in.o(.data)
    recv_data                                0x20000104   Data           4  tcp_in.o(.data)
    .data                                    0x2000010c   Section        8  udp.o(.data)
    udp_port                                 0x2000010c   Data           2  udp.o(.data)
    .data                                    0x20000114   Section        1  etharp.o(.data)
    etharp_cached_entry                      0x20000114   Data           1  etharp.o(.data)
    .data                                    0x20000118   Section        4  stdout.o(.data)
    .data                                    0x2000011c   Section        4  mvars.o(.data)
    .data                                    0x20000120   Section        4  mvars.o(.data)
    .bss                                     0x20000124   Section       56  netconf.o(.bss)
    .bss                                     0x2000015c   Section       83  tcp_echoclient.o(.bss)
    .bss                                     0x200001b0   Section     4138  bsp_ad7606.o(.bss)
    .bss                                     0x200011da   Section     1001  bsp_basic_tim.o(.bss)
    .bss                                     0x200015c4   Section      188  lan8742a.o(.bss)
    .bss                                     0x20001680   Section    15572  stm32f429_eth.o(.bss)
    .bss                                     0x20005354   Section       48  bsp_timer.o(.bss)
    s_tTmr                                   0x20005354   Data          48  bsp_timer.o(.bss)
    .bss                                     0x20005384   Section    10260  mem.o(.bss)
    .bss                                     0x20007b98   Section    14623  memp.o(.bss)
    memp_tab                                 0x20007b98   Data          36  memp.o(.bss)
    memp_memory                              0x20007bbc   Data       14587  memp.o(.bss)
    .bss                                     0x2000b4b8   Section       16  tcp_in.o(.bss)
    inseg                                    0x2000b4b8   Data          16  tcp_in.o(.bss)
    .bss                                     0x2000b4c8   Section      200  etharp.o(.bss)
    arp_table                                0x2000b4c8   Data         200  etharp.o(.bss)
    HEAP                                     0x2000b590   Section      512  startup_stm32f40xx.o(HEAP)
    STACK                                    0x2000b790   Section     1024  startup_stm32f40xx.o(STACK)

    Global Symbols

    Symbol Name                              Value     Ov Type        Size  Object(Section)

    BuildAttributes$$THM_ISAv4$E$P$D$K$B$S$7EM$VFPi3$EXTD16$VFPS$VFMA$PE$A:L22UL41UL21$X:L11$S22US41US21$IEEE1$IW$USESV6$~STKCKD$USESV7$~SHL$OSPACE$ROPI$EBA8$MICROLIB$REQ8$PRES8$EABIv2 0x00000000   Number         0  anon$$obj.o ABSOLUTE
    __ARM_use_no_argv                        0x00000000   Number         0  main.o ABSOLUTE
    _printf_a                                0x00000000   Number         0  stubs.o ABSOLUTE
    _printf_c                                0x00000000   Number         0  stubs.o ABSOLUTE
    _printf_charcount                        0x00000000   Number         0  stubs.o ABSOLUTE
    _printf_d                                0x00000000   Number         0  stubs.o ABSOLUTE
    _printf_e                                0x00000000   Number         0  stubs.o ABSOLUTE
    _printf_f                                0x00000000   Number         0  stubs.o ABSOLUTE
    _printf_flags                            0x00000000   Number         0  stubs.o ABSOLUTE
    _printf_fp_dec                           0x00000000   Number         0  stubs.o ABSOLUTE
    _printf_fp_hex                           0x00000000   Number         0  stubs.o ABSOLUTE
    _printf_g                                0x00000000   Number         0  stubs.o ABSOLUTE
    _printf_i                                0x00000000   Number         0  stubs.o ABSOLUTE
    _printf_int_dec                          0x00000000   Number         0  stubs.o ABSOLUTE
    _printf_l                                0x00000000   Number         0  stubs.o ABSOLUTE
    _printf_lc                               0x00000000   Number         0  stubs.o ABSOLUTE
    _printf_ll                               0x00000000   Number         0  stubs.o ABSOLUTE
    _printf_lld                              0x00000000   Number         0  stubs.o ABSOLUTE
    _printf_lli                              0x00000000   Number         0  stubs.o ABSOLUTE
    _printf_llo                              0x00000000   Number         0  stubs.o ABSOLUTE
    _printf_llu                              0x00000000   Number         0  stubs.o ABSOLUTE
    _printf_llx                              0x00000000   Number         0  stubs.o ABSOLUTE
    _printf_longlong_dec                     0x00000000   Number         0  stubs.o ABSOLUTE
    _printf_longlong_hex                     0x00000000   Number         0  stubs.o ABSOLUTE
    _printf_longlong_oct                     0x00000000   Number         0  stubs.o ABSOLUTE
    _printf_ls                               0x00000000   Number         0  stubs.o ABSOLUTE
    _printf_mbtowc                           0x00000000   Number         0  stubs.o ABSOLUTE
    _printf_n                                0x00000000   Number         0  stubs.o ABSOLUTE
    _printf_o                                0x00000000   Number         0  stubs.o ABSOLUTE
    _printf_p                                0x00000000   Number         0  stubs.o ABSOLUTE
    _printf_percent                          0x00000000   Number         0  stubs.o ABSOLUTE
    _printf_pre_padding                      0x00000000   Number         0  stubs.o ABSOLUTE
    _printf_return_value                     0x00000000   Number         0  stubs.o ABSOLUTE
    _printf_s                                0x00000000   Number         0  stubs.o ABSOLUTE
    _printf_sizespec                         0x00000000   Number         0  stubs.o ABSOLUTE
    _printf_str                              0x00000000   Number         0  stubs.o ABSOLUTE
    _printf_truncate_signed                  0x00000000   Number         0  stubs.o ABSOLUTE
    _printf_truncate_unsigned                0x00000000   Number         0  stubs.o ABSOLUTE
    _printf_u                                0x00000000   Number         0  stubs.o ABSOLUTE
    _printf_wc                               0x00000000   Number         0  stubs.o ABSOLUTE
    _printf_wctomb                           0x00000000   Number         0  stubs.o ABSOLUTE
    _printf_widthprec                        0x00000000   Number         0  stubs.o ABSOLUTE
    _printf_x                                0x00000000   Number         0  stubs.o ABSOLUTE
    __cpp_initialize__aeabi_                  - Undefined Weak Reference
    __cxa_finalize                            - Undefined Weak Reference
    __decompress                              - Undefined Weak Reference
    _clock_init                               - Undefined Weak Reference
    _microlib_exit                            - Undefined Weak Reference
    __Vectors_Size                           0x00000188   Number         0  startup_stm32f40xx.o ABSOLUTE
    __Vectors                                0x08000000   Data           4  startup_stm32f40xx.o(RESET)
    __Vectors_End                            0x08000188   Data           0  startup_stm32f40xx.o(RESET)
    __main                                   0x08000189   Thumb Code     0  entry.o(.ARM.Collect$$$$00000000)
    _main_stk                                0x08000189   Thumb Code     0  entry2.o(.ARM.Collect$$$$00000001)
    _main_scatterload                        0x0800018d   Thumb Code     0  entry5.o(.ARM.Collect$$$$00000004)
    __main_after_scatterload                 0x08000191   Thumb Code     0  entry5.o(.ARM.Collect$$$$00000004)
    _main_clock                              0x08000191   Thumb Code     0  entry7b.o(.ARM.Collect$$$$00000008)
    _main_cpp_init                           0x08000191   Thumb Code     0  entry8b.o(.ARM.Collect$$$$0000000A)
    _main_init                               0x08000191   Thumb Code     0  entry9a.o(.ARM.Collect$$$$0000000B)
    __rt_final_cpp                           0x08000199   Thumb Code     0  entry10a.o(.ARM.Collect$$$$0000000D)
    __rt_final_exit                          0x08000199   Thumb Code     0  entry11a.o(.ARM.Collect$$$$0000000F)
    Reset_Handler                            0x0800019d   Thumb Code     8  startup_stm32f40xx.o(.text)
    ADC_IRQHandler                           0x080001b7   Thumb Code     0  startup_stm32f40xx.o(.text)
    CAN1_RX0_IRQHandler                      0x080001b7   Thumb Code     0  startup_stm32f40xx.o(.text)
    CAN1_RX1_IRQHandler                      0x080001b7   Thumb Code     0  startup_stm32f40xx.o(.text)
    CAN1_SCE_IRQHandler                      0x080001b7   Thumb Code     0  startup_stm32f40xx.o(.text)
    CAN1_TX_IRQHandler                       0x080001b7   Thumb Code     0  startup_stm32f40xx.o(.text)
    CAN2_RX0_IRQHandler                      0x080001b7   Thumb Code     0  startup_stm32f40xx.o(.text)
    CAN2_RX1_IRQHandler                      0x080001b7   Thumb Code     0  startup_stm32f40xx.o(.text)
    CAN2_SCE_IRQHandler                      0x080001b7   Thumb Code     0  startup_stm32f40xx.o(.text)
    CAN2_TX_IRQHandler                       0x080001b7   Thumb Code     0  startup_stm32f40xx.o(.text)
    CRYP_IRQHandler                          0x080001b7   Thumb Code     0  startup_stm32f40xx.o(.text)
    DCMI_IRQHandler                          0x080001b7   Thumb Code     0  startup_stm32f40xx.o(.text)
    DMA1_Stream0_IRQHandler                  0x080001b7   Thumb Code     0  startup_stm32f40xx.o(.text)
    DMA1_Stream1_IRQHandler                  0x080001b7   Thumb Code     0  startup_stm32f40xx.o(.text)
    DMA1_Stream2_IRQHandler                  0x080001b7   Thumb Code     0  startup_stm32f40xx.o(.text)
    DMA1_Stream3_IRQHandler                  0x080001b7   Thumb Code     0  startup_stm32f40xx.o(.text)
    DMA1_Stream4_IRQHandler                  0x080001b7   Thumb Code     0  startup_stm32f40xx.o(.text)
    DMA1_Stream5_IRQHandler                  0x080001b7   Thumb Code     0  startup_stm32f40xx.o(.text)
    DMA1_Stream6_IRQHandler                  0x080001b7   Thumb Code     0  startup_stm32f40xx.o(.text)
    DMA1_Stream7_IRQHandler                  0x080001b7   Thumb Code     0  startup_stm32f40xx.o(.text)
    DMA2_Stream0_IRQHandler                  0x080001b7   Thumb Code     0  startup_stm32f40xx.o(.text)
    DMA2_Stream1_IRQHandler                  0x080001b7   Thumb Code     0  startup_stm32f40xx.o(.text)
    DMA2_Stream2_IRQHandler                  0x080001b7   Thumb Code     0  startup_stm32f40xx.o(.text)
    DMA2_Stream3_IRQHandler                  0x080001b7   Thumb Code     0  startup_stm32f40xx.o(.text)
    DMA2_Stream4_IRQHandler                  0x080001b7   Thumb Code     0  startup_stm32f40xx.o(.text)
    DMA2_Stream5_IRQHandler                  0x080001b7   Thumb Code     0  startup_stm32f40xx.o(.text)
    DMA2_Stream6_IRQHandler                  0x080001b7   Thumb Code     0  startup_stm32f40xx.o(.text)
    DMA2_Stream7_IRQHandler                  0x080001b7   Thumb Code     0  startup_stm32f40xx.o(.text)
    ETH_IRQHandler                           0x080001b7   Thumb Code     0  startup_stm32f40xx.o(.text)
    ETH_WKUP_IRQHandler                      0x080001b7   Thumb Code     0  startup_stm32f40xx.o(.text)
    EXTI0_IRQHandler                         0x080001b7   Thumb Code     0  startup_stm32f40xx.o(.text)
    EXTI15_10_IRQHandler                     0x080001b7   Thumb Code     0  startup_stm32f40xx.o(.text)
    EXTI1_IRQHandler                         0x080001b7   Thumb Code     0  startup_stm32f40xx.o(.text)
    EXTI2_IRQHandler                         0x080001b7   Thumb Code     0  startup_stm32f40xx.o(.text)
    EXTI3_IRQHandler                         0x080001b7   Thumb Code     0  startup_stm32f40xx.o(.text)
    EXTI4_IRQHandler                         0x080001b7   Thumb Code     0  startup_stm32f40xx.o(.text)
    FLASH_IRQHandler                         0x080001b7   Thumb Code     0  startup_stm32f40xx.o(.text)
    FPU_IRQHandler                           0x080001b7   Thumb Code     0  startup_stm32f40xx.o(.text)
    FSMC_IRQHandler                          0x080001b7   Thumb Code     0  startup_stm32f40xx.o(.text)
    HASH_RNG_IRQHandler                      0x080001b7   Thumb Code     0  startup_stm32f40xx.o(.text)
    I2C1_ER_IRQHandler                       0x080001b7   Thumb Code     0  startup_stm32f40xx.o(.text)
    I2C1_EV_IRQHandler                       0x080001b7   Thumb Code     0  startup_stm32f40xx.o(.text)
    I2C2_ER_IRQHandler                       0x080001b7   Thumb Code     0  startup_stm32f40xx.o(.text)
    I2C2_EV_IRQHandler                       0x080001b7   Thumb Code     0  startup_stm32f40xx.o(.text)
    I2C3_ER_IRQHandler                       0x080001b7   Thumb Code     0  startup_stm32f40xx.o(.text)
    I2C3_EV_IRQHandler                       0x080001b7   Thumb Code     0  startup_stm32f40xx.o(.text)
    OTG_FS_IRQHandler                        0x080001b7   Thumb Code     0  startup_stm32f40xx.o(.text)
    OTG_FS_WKUP_IRQHandler                   0x080001b7   Thumb Code     0  startup_stm32f40xx.o(.text)
    OTG_HS_EP1_IN_IRQHandler                 0x080001b7   Thumb Code     0  startup_stm32f40xx.o(.text)
    OTG_HS_EP1_OUT_IRQHandler                0x080001b7   Thumb Code     0  startup_stm32f40xx.o(.text)
    OTG_HS_IRQHandler                        0x080001b7   Thumb Code     0  startup_stm32f40xx.o(.text)
    OTG_HS_WKUP_IRQHandler                   0x080001b7   Thumb Code     0  startup_stm32f40xx.o(.text)
    PVD_IRQHandler                           0x080001b7   Thumb Code     0  startup_stm32f40xx.o(.text)
    RCC_IRQHandler                           0x080001b7   Thumb Code     0  startup_stm32f40xx.o(.text)
    RTC_Alarm_IRQHandler                     0x080001b7   Thumb Code     0  startup_stm32f40xx.o(.text)
    RTC_WKUP_IRQHandler                      0x080001b7   Thumb Code     0  startup_stm32f40xx.o(.text)
    SDIO_IRQHandler                          0x080001b7   Thumb Code     0  startup_stm32f40xx.o(.text)
    SPI1_IRQHandler                          0x080001b7   Thumb Code     0  startup_stm32f40xx.o(.text)
    SPI2_IRQHandler                          0x080001b7   Thumb Code     0  startup_stm32f40xx.o(.text)
    SPI3_IRQHandler                          0x080001b7   Thumb Code     0  startup_stm32f40xx.o(.text)
    TAMP_STAMP_IRQHandler                    0x080001b7   Thumb Code     0  startup_stm32f40xx.o(.text)
    TIM1_BRK_TIM9_IRQHandler                 0x080001b7   Thumb Code     0  startup_stm32f40xx.o(.text)
    TIM1_CC_IRQHandler                       0x080001b7   Thumb Code     0  startup_stm32f40xx.o(.text)
    TIM1_TRG_COM_TIM11_IRQHandler            0x080001b7   Thumb Code     0  startup_stm32f40xx.o(.text)
    TIM1_UP_TIM10_IRQHandler                 0x080001b7   Thumb Code     0  startup_stm32f40xx.o(.text)
    TIM2_IRQHandler                          0x080001b7   Thumb Code     0  startup_stm32f40xx.o(.text)
    TIM3_IRQHandler                          0x080001b7   Thumb Code     0  startup_stm32f40xx.o(.text)
    TIM4_IRQHandler                          0x080001b7   Thumb Code     0  startup_stm32f40xx.o(.text)
    TIM5_IRQHandler                          0x080001b7   Thumb Code     0  startup_stm32f40xx.o(.text)
    TIM7_IRQHandler                          0x080001b7   Thumb Code     0  startup_stm32f40xx.o(.text)
    TIM8_BRK_TIM12_IRQHandler                0x080001b7   Thumb Code     0  startup_stm32f40xx.o(.text)
    TIM8_CC_IRQHandler                       0x080001b7   Thumb Code     0  startup_stm32f40xx.o(.text)
    TIM8_TRG_COM_TIM14_IRQHandler            0x080001b7   Thumb Code     0  startup_stm32f40xx.o(.text)
    TIM8_UP_TIM13_IRQHandler                 0x080001b7   Thumb Code     0  startup_stm32f40xx.o(.text)
    UART4_IRQHandler                         0x080001b7   Thumb Code     0  startup_stm32f40xx.o(.text)
    UART5_IRQHandler                         0x080001b7   Thumb Code     0  startup_stm32f40xx.o(.text)
    USART1_IRQHandler                        0x080001b7   Thumb Code     0  startup_stm32f40xx.o(.text)
    USART2_IRQHandler                        0x080001b7   Thumb Code     0  startup_stm32f40xx.o(.text)
    USART3_IRQHandler                        0x080001b7   Thumb Code     0  startup_stm32f40xx.o(.text)
    USART6_IRQHandler                        0x080001b7   Thumb Code     0  startup_stm32f40xx.o(.text)
    WWDG_IRQHandler                          0x080001b7   Thumb Code     0  startup_stm32f40xx.o(.text)
    __aeabi_memcpy                           0x080001c1   Thumb Code    36  memcpya.o(.text)
    __aeabi_memcpy4                          0x080001c1   Thumb Code     0  memcpya.o(.text)
    __aeabi_memcpy8                          0x080001c1   Thumb Code     0  memcpya.o(.text)
    __aeabi_memset                           0x080001e5   Thumb Code    14  memseta.o(.text)
    __aeabi_memset4                          0x080001e5   Thumb Code     0  memseta.o(.text)
    __aeabi_memset8                          0x080001e5   Thumb Code     0  memseta.o(.text)
    __aeabi_memclr                           0x080001f3   Thumb Code     4  memseta.o(.text)
    __aeabi_memclr4                          0x080001f3   Thumb Code     0  memseta.o(.text)
    __aeabi_memclr8                          0x080001f3   Thumb Code     0  memseta.o(.text)
    _memset$wrapper                          0x080001f7   Thumb Code    18  memseta.o(.text)
    strlen                                   0x08000209   Thumb Code    14  strlen.o(.text)
    memcmp                                   0x08000217   Thumb Code    26  memcmp.o(.text)
    __aeabi_uidiv                            0x08000231   Thumb Code     0  uidiv.o(.text)
    __aeabi_uidivmod                         0x08000231   Thumb Code    44  uidiv.o(.text)
    __scatterload                            0x0800025d   Thumb Code    28  init.o(.text)
    __scatterload_rt2                        0x0800025d   Thumb Code     0  init.o(.text)
    AD7606_ReadNowAdc                        0x08000445   Thumb Code   160  bsp_ad7606.o(i.AD7606_ReadNowAdc)
    AD7606_Reset                             0x080004ed   Thumb Code    18  bsp_ad7606.o(i.AD7606_Reset)
    AD7606_SetInputRange                     0x08000505   Thumb Code    30  bsp_ad7606.o(i.AD7606_SetInputRange)
    AD7606_SetOS                             0x0800052d   Thumb Code   144  bsp_ad7606.o(i.AD7606_SetOS)
    AD7606_StartConvst                       0x080005c5   Thumb Code    14  bsp_ad7606.o(i.AD7606_StartConvst)
    BusFault_Handler                         0x080005d9   Thumb Code     4  stm32f4xx_it.o(i.BusFault_Handler)
    D12Vconfig                               0x080005dd   Thumb Code    68  d12v.o(i.D12Vconfig)
    DebugMon_Handler                         0x08000625   Thumb Code     2  stm32f4xx_it.o(i.DebugMon_Handler)
    Debug_USART_Config                       0x08000629   Thumb Code   152  bsp_debug_usart.o(i.Debug_USART_Config)
    ETH_BSP_Config                           0x080006c9   Thumb Code    38  lan8742a.o(i.ETH_BSP_Config)
    ETH_CheckFrameReceived                   0x080006f5   Thumb Code   210  stm32f429_eth.o(i.ETH_CheckFrameReceived)
    ETH_CheckLinkStatus                      0x080007d1   Thumb Code    64  lan8742a.o(i.ETH_CheckLinkStatus)
    ETH_DMAReceptionCmd                      0x0800081d   Thumb Code    30  stm32f429_eth.o(i.ETH_DMAReceptionCmd)
    ETH_DMARxDescChainInit                   0x08000841   Thumb Code    82  stm32f429_eth.o(i.ETH_DMARxDescChainInit)
    ETH_DMATransmissionCmd                   0x080008a5   Thumb Code    30  stm32f429_eth.o(i.ETH_DMATransmissionCmd)
    ETH_DMATxDescChainInit                   0x080008c9   Thumb Code    70  stm32f429_eth.o(i.ETH_DMATxDescChainInit)
    ETH_DMATxDescChecksumInsertionConfig     0x08000919   Thumb Code     8  stm32f429_eth.o(i.ETH_DMATxDescChecksumInsertionConfig)
    ETH_DeInit                               0x08000921   Thumb Code    22  stm32f429_eth.o(i.ETH_DeInit)
    ETH_Delay                                0x08000937   Thumb Code    28  stm32f429_eth.o(i.ETH_Delay)
    ETH_FlushTransmitFIFO                    0x08000955   Thumb Code    40  stm32f429_eth.o(i.ETH_FlushTransmitFIFO)
    ETH_GetSoftwareResetStatus               0x08000a8d   Thumb Code    20  stm32f429_eth.o(i.ETH_GetSoftwareResetStatus)
    ETH_Get_Received_Frame                   0x08000aa5   Thumb Code    64  stm32f429_eth.o(i.ETH_Get_Received_Frame)
    ETH_Init                                 0x08000aed   Thumb Code   762  stm32f429_eth.o(i.ETH_Init)
    ETH_MACAddressConfig                     0x08000e15   Thumb Code    46  stm32f429_eth.o(i.ETH_MACAddressConfig)
    ETH_MACReceptionCmd                      0x08000ee9   Thumb Code    58  stm32f429_eth.o(i.ETH_MACReceptionCmd)
    ETH_MACTransmissionCmd                   0x08000f29   Thumb Code    58  stm32f429_eth.o(i.ETH_MACTransmissionCmd)
    ETH_Prepare_Transmit_Descriptors         0x08000f69   Thumb Code   194  stm32f429_eth.o(i.ETH_Prepare_Transmit_Descriptors)
    ETH_ReadPHYRegister                      0x08001035   Thumb Code    98  stm32f429_eth.o(i.ETH_ReadPHYRegister)
    ETH_SoftwareReset                        0x080010a1   Thumb Code    14  stm32f429_eth.o(i.ETH_SoftwareReset)
    ETH_Start                                0x080010b5   Thumb Code    32  stm32f429_eth.o(i.ETH_Start)
    ETH_Stop                                 0x080010d5   Thumb Code    32  stm32f429_eth.o(i.ETH_Stop)
    ETH_StructInit                           0x080010f5   Thumb Code   178  stm32f429_eth.o(i.ETH_StructInit)
    ETH_WritePHYRegister                     0x080011a9   Thumb Code    96  stm32f429_eth.o(i.ETH_WritePHYRegister)
    ETH_link_callback                        0x08001211   Thumb Code   220  lan8742a.o(i.ETH_link_callback)
    EXTI9_5_IRQHandler                       0x08001309   Thumb Code    76  bsp_pulse.o(i.EXTI9_5_IRQHandler)
    EXTI_ClearITPendingBit                   0x08001369   Thumb Code     6  stm32f4xx_exti.o(i.EXTI_ClearITPendingBit)
    EXTI_GetITStatus                         0x08001375   Thumb Code    20  stm32f4xx_exti.o(i.EXTI_GetITStatus)
    EXTI_Init                                0x0800138d   Thumb Code   142  stm32f4xx_exti.o(i.EXTI_Init)
    EXTI_PF7_Config                          0x08001421   Thumb Code    98  bsp_pulse.o(i.EXTI_PF7_Config)
    FSMC_NORSRAMCmd                          0x08001495   Thumb Code    46  stm32f4xx_fsmc.o(i.FSMC_NORSRAMCmd)
    FSMC_NORSRAMInit                         0x080014c9   Thumb Code   282  stm32f4xx_fsmc.o(i.FSMC_NORSRAMInit)
    GPIO_Init                                0x080015ed   Thumb Code   144  stm32f4xx_gpio.o(i.GPIO_Init)
    GPIO_PinAFConfig                         0x0800167d   Thumb Code    70  stm32f4xx_gpio.o(i.GPIO_PinAFConfig)
    GPIO_SetBits                             0x080016c3   Thumb Code     4  stm32f4xx_gpio.o(i.GPIO_SetBits)
    HardFault_Handler                        0x080016c9   Thumb Code    10  stm32f4xx_it.o(i.HardFault_Handler)
    LwIP_Init                                0x080016e5   Thumb Code   172  netconf.o(i.LwIP_Init)
    LwIP_Periodic_Handle                     0x08001835   Thumb Code    72  netconf.o(i.LwIP_Periodic_Handle)
    LwIP_Pkt_Handle                          0x08001889   Thumb Code    10  netconf.o(i.LwIP_Pkt_Handle)
    MemManage_Handler                        0x08001899   Thumb Code     4  stm32f4xx_it.o(i.MemManage_Handler)
    NMI_Handler                              0x0800189d   Thumb Code     2  stm32f4xx_it.o(i.NMI_Handler)
    NVIC_Init                                0x080018c9   Thumb Code   106  misc.o(i.NVIC_Init)
    NVIC_PriorityGroupConfig                 0x08001941   Thumb Code    10  misc.o(i.NVIC_PriorityGroupConfig)
    PendSV_Handler                           0x08001955   Thumb Code     2  stm32f4xx_it.o(i.PendSV_Handler)
    RCC_AHB1PeriphClockCmd                   0x08001959   Thumb Code    26  stm32f4xx_rcc.o(i.RCC_AHB1PeriphClockCmd)
    RCC_AHB1PeriphResetCmd                   0x08001979   Thumb Code    26  stm32f4xx_rcc.o(i.RCC_AHB1PeriphResetCmd)
    RCC_AHB3PeriphClockCmd                   0x08001999   Thumb Code    26  stm32f4xx_rcc.o(i.RCC_AHB3PeriphClockCmd)
    RCC_APB1PeriphClockCmd                   0x080019b9   Thumb Code    26  stm32f4xx_rcc.o(i.RCC_APB1PeriphClockCmd)
    RCC_APB2PeriphClockCmd                   0x080019d9   Thumb Code    26  stm32f4xx_rcc.o(i.RCC_APB2PeriphClockCmd)
    RCC_GetClocksFreq                        0x080019f9   Thumb Code   214  stm32f4xx_rcc.o(i.RCC_GetClocksFreq)
    SVC_Handler                              0x08001ae1   Thumb Code     2  stm32f4xx_it.o(i.SVC_Handler)
    SYSCFG_ETH_MediaInterfaceConfig          0x08001ae5   Thumb Code     6  stm32f4xx_syscfg.o(i.SYSCFG_ETH_MediaInterfaceConfig)
    SYSCFG_EXTILineConfig                    0x08001af1   Thumb Code    60  stm32f4xx_syscfg.o(i.SYSCFG_EXTILineConfig)
    SysTick_Handler                          0x08001c1d   Thumb Code     8  bsp_timer.o(i.SysTick_Handler)
    SysTick_ISR                              0x08001c25   Thumb Code   102  bsp_timer.o(i.SysTick_ISR)
    SystemInit                               0x08001ca1   Thumb Code    88  system_stm32f4xx.o(i.SystemInit)
    TIM6_DAC_IRQHandler                      0x08001d09   Thumb Code   104  bsp_basic_tim.o(i.TIM6_DAC_IRQHandler)
    TIM_ClearFlag                            0x08001d81   Thumb Code     6  stm32f4xx_tim.o(i.TIM_ClearFlag)
    TIM_ClearITPendingBit                    0x08001d87   Thumb Code     6  stm32f4xx_tim.o(i.TIM_ClearITPendingBit)
    TIM_Cmd                                  0x08001d8d   Thumb Code    24  stm32f4xx_tim.o(i.TIM_Cmd)
    TIM_GetITStatus                          0x08001da5   Thumb Code    34  stm32f4xx_tim.o(i.TIM_GetITStatus)
    TIM_ITConfig                             0x08001dc7   Thumb Code    18  stm32f4xx_tim.o(i.TIM_ITConfig)
    TIM_TimeBaseInit                         0x08001e15   Thumb Code   104  stm32f4xx_tim.o(i.TIM_TimeBaseInit)
    TIMx_Configuration                       0x08001e99   Thumb Code    18  bsp_basic_tim.o(i.TIMx_Configuration)
    USART_ClearFlag                          0x08001edb   Thumb Code    18  stm32f4xx_usart.o(i.USART_ClearFlag)
    USART_Cmd                                0x08001eed   Thumb Code    24  stm32f4xx_usart.o(i.USART_Cmd)
    USART_GetFlagStatus                      0x08001f05   Thumb Code    26  stm32f4xx_usart.o(i.USART_GetFlagStatus)
    USART_Init                               0x08001f21   Thumb Code   204  stm32f4xx_usart.o(i.USART_Init)
    USART_SendData                           0x08001ff5   Thumb Code     8  stm32f4xx_usart.o(i.USART_SendData)
    UsageFault_Handler                       0x08001ffd   Thumb Code     4  stm32f4xx_it.o(i.UsageFault_Handler)
    __0printf$6                              0x08002001   Thumb Code    22  printf6.o(i.__0printf$6)
    __1printf$6                              0x08002001   Thumb Code     0  printf6.o(i.__0printf$6)
    __2printf                                0x08002001   Thumb Code     0  printf6.o(i.__0printf$6)
    __scatterload_copy                       0x08002021   Thumb Code    14  handlers.o(i.__scatterload_copy)
    __scatterload_null                       0x0800202f   Thumb Code     2  handlers.o(i.__scatterload_null)
    __scatterload_zeroinit                   0x08002031   Thumb Code    14  handlers.o(i.__scatterload_zeroinit)
    bsp_CheckTimer                           0x08002389   Thumb Code    48  bsp_timer.o(i.bsp_CheckTimer)
    bsp_GetRunTime                           0x080023bd   Thumb Code    22  bsp_timer.o(i.bsp_GetRunTime)
    bsp_InitAD7606                           0x080023d9   Thumb Code    34  bsp_ad7606.o(i.bsp_InitAD7606)
    bsp_InitTimer                            0x08002401   Thumb Code   136  bsp_timer.o(i.bsp_InitTimer)
    bsp_StartAutoTimer                       0x080024b5   Thumb Code    84  bsp_timer.o(i.bsp_StartAutoTimer)
    dhcp_arp_reply                           0x08002555   Thumb Code    46  dhcp.o(i.dhcp_arp_reply)
    dhcp_network_changed                     0x0800283d   Thumb Code    80  dhcp.o(i.dhcp_network_changed)
    etharp_cleanup_netif                     0x08002b2d   Thumb Code    52  etharp.o(i.etharp_cleanup_netif)
    etharp_output                            0x08002d05   Thumb Code   314  etharp.o(i.etharp_output)
    etharp_query                             0x08002eb9   Thumb Code   338  etharp.o(i.etharp_query)
    etharp_request                           0x080030c9   Thumb Code    36  etharp.o(i.etharp_request)
    etharp_tmr                               0x0800312d   Thumb Code   136  etharp.o(i.etharp_tmr)
    ethernet_input                           0x08003271   Thumb Code   178  etharp.o(i.ethernet_input)
    ethernetif_init                          0x08003329   Thumb Code    38  ethernetif.o(i.ethernetif_init)
    ethernetif_input                         0x08003359   Thumb Code    42  ethernetif.o(i.ethernetif_input)
    fputc                                    0x08003385   Thumb Code    32  bsp_debug_usart.o(i.fputc)
    free                                     0x080033a9   Thumb Code    76  malloc.o(i.free)
    icmp_dest_unreach                        0x080033f9   Thumb Code    18  icmp.o(i.icmp_dest_unreach)
    icmp_input                               0x0800340d   Thumb Code   340  icmp.o(i.icmp_input)
    icmp_time_exceeded                       0x080035d9   Thumb Code    18  icmp.o(i.icmp_time_exceeded)
    inet_chksum                              0x080035eb   Thumb Code    20  inet_chksum.o(i.inet_chksum)
    inet_chksum_pbuf                         0x080035ff   Thumb Code    86  inet_chksum.o(i.inet_chksum_pbuf)
    ip4_addr_isbroadcast                     0x08003655   Thumb Code    78  ip_addr.o(i.ip4_addr_isbroadcast)
    ip_frag                                  0x080036a5   Thumb Code   424  ip_frag.o(i.ip_frag)
    ip_input                                 0x0800386d   Thumb Code   420  ip.o(i.ip_input)
    ip_output                                0x08003a25   Thumb Code    56  ip.o(i.ip_output)
    ip_output_if                             0x08003a5d   Thumb Code   192  ip.o(i.ip_output_if)
    ip_reass                                 0x08003b21   Thumb Code   386  ip_frag.o(i.ip_reass)
    ip_route                                 0x08003fad   Thumb Code    76  ip.o(i.ip_route)
    lwip_htonl                               0x08004261   Thumb Code    26  def.o(i.lwip_htonl)
    lwip_htons                               0x0800427b   Thumb Code    12  def.o(i.lwip_htons)
    lwip_ntohl                               0x08004287   Thumb Code    12  def.o(i.lwip_ntohl)
    lwip_ntohs                               0x08004293   Thumb Code    12  def.o(i.lwip_ntohs)
    main                                     0x080042fd   Thumb Code   346  main.o(i.main)
    malloc                                   0x080046a5   Thumb Code    92  malloc.o(i.malloc)
    mem_free                                 0x08004711   Thumb Code    68  mem.o(i.mem_free)
    mem_init                                 0x08004761   Thumb Code    74  mem.o(i.mem_init)
    mem_malloc                               0x080047bd   Thumb Code   222  mem.o(i.mem_malloc)
    mem_trim                                 0x080048a9   Thumb Code   288  mem.o(i.mem_trim)
    memp_free                                0x080049d5   Thumb Code    28  memp.o(i.memp_free)
    memp_init                                0x080049f5   Thumb Code    82  memp.o(i.memp_init)
    memp_malloc                              0x08004a59   Thumb Code    40  memp.o(i.memp_malloc)
    netif_add                                0x08004a85   Thumb Code   104  netif.o(i.netif_add)
    netif_set_addr                           0x08004af5   Thumb Code    40  netif.o(i.netif_set_addr)
    netif_set_default                        0x08004b1d   Thumb Code     6  netif.o(i.netif_set_default)
    netif_set_down                           0x08004b29   Thumb Code    42  netif.o(i.netif_set_down)
    netif_set_gw                             0x08004b53   Thumb Code    12  netif.o(i.netif_set_gw)
    netif_set_ipaddr                         0x08004b61   Thumb Code   110  netif.o(i.netif_set_ipaddr)
    netif_set_link_callback                  0x08004bd9   Thumb Code     6  netif.o(i.netif_set_link_callback)
    netif_set_link_down                      0x08004bdf   Thumb Code    42  netif.o(i.netif_set_link_down)
    netif_set_link_up                        0x08004c09   Thumb Code    80  netif.o(i.netif_set_link_up)
    netif_set_netmask                        0x08004c59   Thumb Code    12  netif.o(i.netif_set_netmask)
    netif_set_up                             0x08004c65   Thumb Code    54  netif.o(i.netif_set_up)
    pbuf_alloc                               0x08004c9b   Thumb Code   402  pbuf.o(i.pbuf_alloc)
    pbuf_alloced_custom                      0x08004e2d   Thumb Code   108  pbuf.o(i.pbuf_alloced_custom)
    pbuf_cat                                 0x08004e99   Thumb Code    56  pbuf.o(i.pbuf_cat)
    pbuf_chain                               0x08004ed1   Thumb Code    22  pbuf.o(i.pbuf_chain)
    pbuf_clen                                0x08004ee7   Thumb Code    18  pbuf.o(i.pbuf_clen)
    pbuf_copy                                0x08004ef9   Thumb Code   192  pbuf.o(i.pbuf_copy)
    pbuf_copy_partial                        0x08004fb9   Thumb Code   146  pbuf.o(i.pbuf_copy_partial)
    pbuf_free                                0x0800504b   Thumb Code   134  pbuf.o(i.pbuf_free)
    pbuf_header                              0x080050d1   Thumb Code   126  pbuf.o(i.pbuf_header)
    pbuf_realloc                             0x0800514f   Thumb Code   120  pbuf.o(i.pbuf_realloc)
    pbuf_ref                                 0x080051c7   Thumb Code    10  pbuf.o(i.pbuf_ref)
    pbuf_take                                0x080051d1   Thumb Code   116  pbuf.o(i.pbuf_take)
    raw_input                                0x080052cd   Thumb Code   102  raw.o(i.raw_input)
    tcp_abandon                              0x08005341   Thumb Code   136  tcp.o(i.tcp_abandon)
    tcp_abort                                0x080053d5   Thumb Code    14  tcp.o(i.tcp_abort)
    tcp_alloc                                0x080053e5   Thumb Code   172  tcp.o(i.tcp_alloc)
    tcp_arg                                  0x080054a1   Thumb Code     4  tcp.o(i.tcp_arg)
    tcp_close                                0x080054a5   Thumb Code    28  tcp.o(i.tcp_close)
    tcp_connect                              0x08005689   Thumb Code   324  tcp.o(i.tcp_connect)
    tcp_echoclient_connect                   0x08005889   Thumb Code    56  tcp_echoclient.o(i.tcp_echoclient_connect)
    tcp_eff_send_mss                         0x08005b6b   Thumb Code    46  tcp.o(i.tcp_eff_send_mss)
    tcp_enqueue_flags                        0x08005b99   Thumb Code   272  tcp_out.o(i.tcp_enqueue_flags)
    tcp_fasttmr                              0x08005ca9   Thumb Code   110  tcp.o(i.tcp_fasttmr)
    tcp_input                                0x08005d25   Thumb Code  1132  tcp_in.o(i.tcp_input)
    tcp_keepalive                            0x080061a1   Thumb Code    68  tcp_out.o(i.tcp_keepalive)
    tcp_new                                  0x080063a5   Thumb Code    10  tcp.o(i.tcp_new)
    tcp_next_iss                             0x08006419   Thumb Code    20  tcp.o(i.tcp_next_iss)
    tcp_output                               0x08006435   Thumb Code   444  tcp_out.o(i.tcp_output)
    tcp_pcb_purge                            0x0800686d   Thumb Code    64  tcp.o(i.tcp_pcb_purge)
    tcp_pcb_remove                           0x080068ad   Thumb Code   140  tcp.o(i.tcp_pcb_remove)
    tcp_poll                                 0x0800693d   Thumb Code    14  tcp.o(i.tcp_poll)
    tcp_process_refused_data                 0x08006ed9   Thumb Code   140  tcp.o(i.tcp_process_refused_data)
    tcp_pulse_send                           0x08006f65   Thumb Code    74  tcp_echoclient.o(i.tcp_pulse_send)
    tcp_recv                                 0x080075fd   Thumb Code     8  tcp.o(i.tcp_recv)
    tcp_recv_null                            0x08007605   Thumb Code    46  tcp.o(i.tcp_recv_null)
    tcp_recved                               0x08007633   Thumb Code    70  tcp.o(i.tcp_recved)
    tcp_rexmit                               0x08007679   Thumb Code    90  tcp_out.o(i.tcp_rexmit)
    tcp_rexmit_fast                          0x080076d3   Thumb Code   112  tcp_out.o(i.tcp_rexmit_fast)
    tcp_rexmit_rto                           0x08007743   Thumb Code    58  tcp_out.o(i.tcp_rexmit_rto)
    tcp_rst                                  0x0800777d   Thumb Code   124  tcp_out.o(i.tcp_rst)
    tcp_seg_free                             0x080077f9   Thumb Code    26  tcp.o(i.tcp_seg_free)
    tcp_segs_free                            0x08007813   Thumb Code    24  tcp.o(i.tcp_segs_free)
    tcp_send_empty_ack                       0x0800782b   Thumb Code    78  tcp_out.o(i.tcp_send_empty_ack)
    tcp_send_fin                             0x08007879   Thumb Code    74  tcp_out.o(i.tcp_send_fin)
    tcp_sent                                 0x080078c3   Thumb Code     8  tcp.o(i.tcp_sent)
    tcp_slowtmr                              0x080078cd   Thumb Code   786  tcp.o(i.tcp_slowtmr)
    tcp_temprature_send                      0x08007c01   Thumb Code   120  tcp_echoclient.o(i.tcp_temprature_send)
    tcp_timer_needed                         0x08007c8d   Thumb Code     2  timers.o(i.tcp_timer_needed)
    tcp_tmr                                  0x08007d3d   Thumb Code    30  tcp.o(i.tcp_tmr)
    tcp_update_rcv_ann_wnd                   0x08007d61   Thumb Code    78  tcp.o(i.tcp_update_rcv_ann_wnd)
    tcp_vibration_send                       0x08007db1   Thumb Code    68  tcp_echoclient.o(i.tcp_vibration_send)
    tcp_write                                0x08007dfd   Thumb Code   900  tcp_out.o(i.tcp_write)
    tcp_zero_window_probe                    0x080081f1   Thumb Code   164  tcp_out.o(i.tcp_zero_window_probe)
    udp_bind                                 0x08008295   Thumb Code   122  udp.o(i.udp_bind)
    udp_input                                0x08008315   Thumb Code   450  udp.o(i.udp_input)
    udp_sendto_if                            0x0800853d   Thumb Code   206  udp.o(i.udp_sendto_if)
    ip_addr_any                              0x0800863c   Data           4  ip_addr.o(.constdata)
    ip_addr_broadcast                        0x08008640   Data           4  ip_addr.o(.constdata)
    tcp_state_str                            0x08008668   Data          44  tcp.o(.constdata)
    tcp_backoff                              0x08008694   Data          13  tcp.o(.constdata)
    tcp_persist_backoff                      0x080086a1   Data           7  tcp.o(.constdata)
    tcp_pcb_lists                            0x080086a8   Data          16  tcp.o(.constdata)
    ethbroadcast                             0x080086b8   Data           6  etharp.o(.constdata)
    ethzero                                  0x080086be   Data           6  etharp.o(.constdata)
    Region$$Table$$Base                      0x0800873c   Number         0  anon$$obj.o(Region$$Table)
    Region$$Table$$Limit                     0x0800875c   Number         0  anon$$obj.o(Region$$Table)
    SystemCoreClock                          0x20000000   Data           4  system_stm32f4xx.o(.data)
    AHBPrescTable                            0x20000004   Data          16  system_stm32f4xx.o(.data)
    TCPTimer                                 0x20000024   Data           4  netconf.o(.data)
    ARPTimer                                 0x20000028   Data           4  netconf.o(.data)
    LinkTimer                                0x2000002c   Data           4  netconf.o(.data)
    IPaddress                                0x20000030   Data           4  netconf.o(.data)
    message_count                            0x20000034   Data           4  tcp_echoclient.o(.data)
    p_data                                   0x20000038   Data           3  tcp_echoclient.o(.data)
    i                                        0x2000003b   Data           1  tcp_echoclient.o(.data)
    flag                                     0x2000003c   Data           1  tcp_echoclient.o(.data)
    echoclient_pcb                           0x20000040   Data           4  tcp_echoclient.o(.data)
    echoclient_es                            0x20000044   Data           4  tcp_echoclient.o(.data)
    ucRefresh                                0x20000049   Data           1  bsp_ad7606.o(.data)
    time1                                    0x2000004c   Data           4  bsp_pulse.o(.data)
    time                                     0x20000050   Data           2  bsp_pulse.o(.data)
    freqcal                                  0x20000054   Data           4  bsp_pulse.o(.data)
    freq                                     0x20000058   Data           1  bsp_pulse.o(.data)
    count                                    0x20000060   Data           2  bsp_basic_tim.o(.data)
    shiftread                                0x20000062   Data           2  bsp_basic_tim.o(.data)
    EthStatus                                0x20000064   Data           4  lan8742a.o(.data)
    EthLinkStatus                            0x20000068   Data           1  lan8742a.o(.data)
    DMATxDescToSet                           0x2000006c   Data           4  stm32f429_eth.o(.data)
    DMARxDescToGet                           0x20000070   Data           4  stm32f429_eth.o(.data)
    DMA_RX_FRAME_infos                       0x20000074   Data           4  stm32f429_eth.o(.data)
    Frame_Rx_index                           0x20000078   Data           4  stm32f429_eth.o(.data)
    LocalTime                                0x20000084   Data           4  bsp_timer.o(.data)
    current_netif                            0x2000008c   Data           4  ip.o(.data)
    current_header                           0x20000090   Data           4  ip.o(.data)
    current_iphdr_src                        0x20000094   Data           4  ip.o(.data)
    current_iphdr_dest                       0x20000098   Data           4  ip.o(.data)
    netif_list                               0x200000b8   Data           4  netif.o(.data)
    netif_default                            0x200000bc   Data           4  netif.o(.data)
    tcp_ticks                                0x200000cc   Data           4  tcp.o(.data)
    tcp_bound_pcbs                           0x200000d0   Data           4  tcp.o(.data)
    tcp_listen_pcbs                          0x200000d4   Data           4  tcp.o(.data)
    tcp_active_pcbs                          0x200000d8   Data           4  tcp.o(.data)
    tcp_tw_pcbs                              0x200000dc   Data           4  tcp.o(.data)
    tcp_tmp_pcb                              0x200000e0   Data           4  tcp.o(.data)
    tcp_active_pcbs_changed                  0x200000e4   Data           1  tcp.o(.data)
    tcp_input_pcb                            0x20000108   Data           4  tcp_in.o(.data)
    udp_pcbs                                 0x20000110   Data           4  udp.o(.data)
    __stdout                                 0x20000118   Data           4  stdout.o(.data)
    __microlib_freelist                      0x2000011c   Data           4  mvars.o(.data)
    __microlib_freelist_initialised          0x20000120   Data           4  mvars.o(.data)
    gnetif                                   0x20000124   Data          56  netconf.o(.bss)
    recev_buf                                0x2000015c   Data          50  tcp_echoclient.o(.bss)
    data                                     0x2000018e   Data          18  tcp_echoclient.o(.bss)
    t_data                                   0x200001a0   Data          15  tcp_echoclient.o(.bss)
    g_tAD7606                                0x200001b0   Data          34  bsp_ad7606.o(.bss)
    g_tAdcFifo                               0x200001d2   Data        4104  bsp_ad7606.o(.bss)
    shift1                                   0x200011da   Data        1001  bsp_basic_tim.o(.bss)
    ETH_InitStructure                        0x200015c4   Data         188  lan8742a.o(.bss)
    DMARxDscrTab                             0x20001680   Data         160  stm32f429_eth.o(.bss)
    DMATxDscrTab                             0x20001720   Data         160  stm32f429_eth.o(.bss)
    Rx_Buff                                  0x200017c0   Data        7620  stm32f429_eth.o(.bss)
    Tx_Buff                                  0x20003584   Data        7620  stm32f429_eth.o(.bss)
    RX_Frame_Descriptor                      0x20005348   Data          12  stm32f429_eth.o(.bss)
    ram_heap                                 0x20005384   Data       10260  mem.o(.bss)
    __heap_base                              0x2000b590   Data           0  startup_stm32f40xx.o(HEAP)
    __heap_limit                             0x2000b790   Data           0  startup_stm32f40xx.o(HEAP)
    __initial_sp                             0x2000bb90   Data           0  startup_stm32f40xx.o(STACK)



==============================================================================

Memory Map of the image

  Image Entry point : 0x08000189

  Load Region LR_IROM1 (Base: 0x08000000, Size: 0x00008880, Max: 0x00100000, ABSOLUTE)

    Execution Region ER_IROM1 (Base: 0x08000000, Size: 0x0000875c, Max: 0x00100000, ABSOLUTE)

    Base Addr    Size         Type   Attr      Idx    E Section Name        Object

    0x08000000   0x00000188   Data   RO            3    RESET               startup_stm32f40xx.o
    0x08000188   0x00000000   Code   RO         7820  * .ARM.Collect$$$$00000000  mc_w.l(entry.o)
    0x08000188   0x00000004   Code   RO         8122    .ARM.Collect$$$$00000001  mc_w.l(entry2.o)
    0x0800018c   0x00000004   Code   RO         8125    .ARM.Collect$$$$00000004  mc_w.l(entry5.o)
    0x08000190   0x00000000   Code   RO         8127    .ARM.Collect$$$$00000008  mc_w.l(entry7b.o)
    0x08000190   0x00000000   Code   RO         8129    .ARM.Collect$$$$0000000A  mc_w.l(entry8b.o)
    0x08000190   0x00000008   Code   RO         8130    .ARM.Collect$$$$0000000B  mc_w.l(entry9a.o)
    0x08000198   0x00000000   Code   RO         8132    .ARM.Collect$$$$0000000D  mc_w.l(entry10a.o)
    0x08000198   0x00000000   Code   RO         8134    .ARM.Collect$$$$0000000F  mc_w.l(entry11a.o)
    0x08000198   0x00000004   Code   RO         8123    .ARM.Collect$$$$00002712  mc_w.l(entry2.o)
    0x0800019c   0x00000024   Code   RO            4    .text               startup_stm32f40xx.o
    0x080001c0   0x00000024   Code   RO         7823    .text               mc_w.l(memcpya.o)
    0x080001e4   0x00000024   Code   RO         7825    .text               mc_w.l(memseta.o)
    0x08000208   0x0000000e   Code   RO         7827    .text               mc_w.l(strlen.o)
    0x08000216   0x0000001a   Code   RO         7829    .text               mc_w.l(memcmp.o)
    0x08000230   0x0000002c   Code   RO         8137    .text               mc_w.l(uidiv.o)
    0x0800025c   0x00000024   Code   RO         8154    .text               mc_w.l(init.o)
    0x08000280   0x00000168   Code   RO         5180    i.AD7606_CtrlLinesConfig  bsp_ad7606.o
    0x080003e8   0x0000005c   Code   RO         5181    i.AD7606_FSMCConfig  bsp_ad7606.o
    0x08000444   0x000000a8   Code   RO         5182    i.AD7606_ReadNowAdc  bsp_ad7606.o
    0x080004ec   0x00000018   Code   RO         5183    i.AD7606_Reset      bsp_ad7606.o
    0x08000504   0x00000028   Code   RO         5184    i.AD7606_SetInputRange  bsp_ad7606.o
    0x0800052c   0x00000098   Code   RO         5185    i.AD7606_SetOS      bsp_ad7606.o
    0x080005c4   0x00000014   Code   RO         5186    i.AD7606_StartConvst  bsp_ad7606.o
    0x080005d8   0x00000004   Code   RO         4885    i.BusFault_Handler  stm32f4xx_it.o
    0x080005dc   0x00000048   Code   RO         5293    i.D12Vconfig        d12v.o
    0x08000624   0x00000002   Code   RO         4886    i.DebugMon_Handler  stm32f4xx_it.o
    0x08000626   0x00000002   PAD
    0x08000628   0x000000a0   Code   RO         5388    i.Debug_USART_Config  bsp_debug_usart.o
    0x080006c8   0x0000002c   Code   RO         5490    i.ETH_BSP_Config    lan8742a.o
    0x080006f4   0x000000dc   Code   RO         5585    i.ETH_CheckFrameReceived  stm32f429_eth.o
    0x080007d0   0x0000004c   Code   RO         5491    i.ETH_CheckLinkStatus  lan8742a.o
    0x0800081c   0x00000024   Code   RO         5589    i.ETH_DMAReceptionCmd  stm32f429_eth.o
    0x08000840   0x00000064   Code   RO         5590    i.ETH_DMARxDescChainInit  stm32f429_eth.o
    0x080008a4   0x00000024   Code   RO         5592    i.ETH_DMATransmissionCmd  stm32f429_eth.o
    0x080008c8   0x00000050   Code   RO         5595    i.ETH_DMATxDescChainInit  stm32f429_eth.o
    0x08000918   0x00000008   Code   RO         5596    i.ETH_DMATxDescChecksumInsertionConfig  stm32f429_eth.o
    0x08000920   0x00000016   Code   RO         5601    i.ETH_DeInit        stm32f429_eth.o
    0x08000936   0x0000001c   Code   RO         5602    i.ETH_Delay         stm32f429_eth.o
    0x08000952   0x00000002   PAD
    0x08000954   0x0000002c   Code   RO         5604    i.ETH_FlushTransmitFIFO  stm32f429_eth.o
    0x08000980   0x0000010c   Code   RO         5493    i.ETH_GPIO_Config   lan8742a.o
    0x08000a8c   0x00000018   Code   RO         5630    i.ETH_GetSoftwareResetStatus  stm32f429_eth.o
    0x08000aa4   0x00000048   Code   RO         5632    i.ETH_Get_Received_Frame  stm32f429_eth.o
    0x08000aec   0x00000328   Code   RO         5635    i.ETH_Init          stm32f429_eth.o
    0x08000e14   0x00000034   Code   RO         5637    i.ETH_MACAddressConfig  stm32f429_eth.o
    0x08000e48   0x000000a0   Code   RO         5494    i.ETH_MACDMA_Config  lan8742a.o
    0x08000ee8   0x00000040   Code   RO         5642    i.ETH_MACReceptionCmd  stm32f429_eth.o
    0x08000f28   0x00000040   Code   RO         5643    i.ETH_MACTransmissionCmd  stm32f429_eth.o
    0x08000f68   0x000000cc   Code   RO         5654    i.ETH_Prepare_Transmit_Descriptors  stm32f429_eth.o
    0x08001034   0x0000006c   Code   RO         5655    i.ETH_ReadPHYRegister  stm32f429_eth.o
    0x080010a0   0x00000014   Code   RO         5663    i.ETH_SoftwareReset  stm32f429_eth.o
    0x080010b4   0x00000020   Code   RO         5664    i.ETH_Start         stm32f429_eth.o
    0x080010d4   0x00000020   Code   RO         5665    i.ETH_Stop          stm32f429_eth.o
    0x080010f4   0x000000b2   Code   RO         5666    i.ETH_StructInit    stm32f429_eth.o
    0x080011a6   0x00000002   PAD
    0x080011a8   0x00000068   Code   RO         5668    i.ETH_WritePHYRegister  stm32f429_eth.o
    0x08001210   0x000000f8   Code   RO         5495    i.ETH_link_callback  lan8742a.o
    0x08001308   0x00000060   Code   RO         5251    i.EXTI9_5_IRQHandler  bsp_pulse.o
    0x08001368   0x0000000c   Code   RO         1344    i.EXTI_ClearITPendingBit  stm32f4xx_exti.o
    0x08001374   0x00000018   Code   RO         1348    i.EXTI_GetITStatus  stm32f4xx_exti.o
    0x0800138c   0x00000094   Code   RO         1349    i.EXTI_Init         stm32f4xx_exti.o
    0x08001420   0x00000074   Code   RO         5252    i.EXTI_PF7_Config   bsp_pulse.o
    0x08001494   0x00000034   Code   RO         1732    i.FSMC_NORSRAMCmd   stm32f4xx_fsmc.o
    0x080014c8   0x00000124   Code   RO         1734    i.FSMC_NORSRAMInit  stm32f4xx_fsmc.o
    0x080015ec   0x00000090   Code   RO         1857    i.GPIO_Init         stm32f4xx_gpio.o
    0x0800167c   0x00000046   Code   RO         1858    i.GPIO_PinAFConfig  stm32f4xx_gpio.o
    0x080016c2   0x00000004   Code   RO         1865    i.GPIO_SetBits      stm32f4xx_gpio.o
    0x080016c6   0x00000002   PAD
    0x080016c8   0x0000001c   Code   RO         4887    i.HardFault_Handler  stm32f4xx_it.o
    0x080016e4   0x00000150   Code   RO         4957    i.LwIP_Init         netconf.o
    0x08001834   0x00000054   Code   RO         4958    i.LwIP_Periodic_Handle  netconf.o
    0x08001888   0x00000010   Code   RO         4959    i.LwIP_Pkt_Handle   netconf.o
    0x08001898   0x00000004   Code   RO         4888    i.MemManage_Handler  stm32f4xx_it.o
    0x0800189c   0x00000002   Code   RO         4889    i.NMI_Handler       stm32f4xx_it.o
    0x0800189e   0x00000028   Code   RO         5253    i.NVIC_Configuration  bsp_pulse.o
    0x080018c6   0x00000002   PAD
    0x080018c8   0x00000078   Code   RO          155    i.NVIC_Init         misc.o
    0x08001940   0x00000014   Code   RO          156    i.NVIC_PriorityGroupConfig  misc.o
    0x08001954   0x00000002   Code   RO         4890    i.PendSV_Handler    stm32f4xx_it.o
    0x08001956   0x00000002   PAD
    0x08001958   0x00000020   Code   RO         2561    i.RCC_AHB1PeriphClockCmd  stm32f4xx_rcc.o
    0x08001978   0x00000020   Code   RO         2563    i.RCC_AHB1PeriphResetCmd  stm32f4xx_rcc.o
    0x08001998   0x00000020   Code   RO         2567    i.RCC_AHB3PeriphClockCmd  stm32f4xx_rcc.o
    0x080019b8   0x00000020   Code   RO         2570    i.RCC_APB1PeriphClockCmd  stm32f4xx_rcc.o
    0x080019d8   0x00000020   Code   RO         2573    i.RCC_APB2PeriphClockCmd  stm32f4xx_rcc.o
    0x080019f8   0x000000e8   Code   RO         2582    i.RCC_GetClocksFreq  stm32f4xx_rcc.o
    0x08001ae0   0x00000002   Code   RO         4891    i.SVC_Handler       stm32f4xx_it.o
    0x08001ae2   0x00000002   PAD
    0x08001ae4   0x0000000c   Code   RO         3883    i.SYSCFG_ETH_MediaInterfaceConfig  stm32f4xx_syscfg.o
    0x08001af0   0x00000040   Code   RO         3884    i.SYSCFG_EXTILineConfig  stm32f4xx_syscfg.o
    0x08001b30   0x000000ec   Code   RO           13    i.SetSysClock       system_stm32f4xx.o
    0x08001c1c   0x00000008   Code   RO         6120    i.SysTick_Handler   bsp_timer.o
    0x08001c24   0x0000007c   Code   RO         6121    i.SysTick_ISR       bsp_timer.o
    0x08001ca0   0x00000068   Code   RO           15    i.SystemInit        system_stm32f4xx.o
    0x08001d08   0x00000078   Code   RO         5317    i.TIM6_DAC_IRQHandler  bsp_basic_tim.o
    0x08001d80   0x00000006   Code   RO         3951    i.TIM_ClearFlag     stm32f4xx_tim.o
    0x08001d86   0x00000006   Code   RO         3952    i.TIM_ClearITPendingBit  stm32f4xx_tim.o
    0x08001d8c   0x00000018   Code   RO         3957    i.TIM_Cmd           stm32f4xx_tim.o
    0x08001da4   0x00000022   Code   RO         3978    i.TIM_GetITStatus   stm32f4xx_tim.o
    0x08001dc6   0x00000012   Code   RO         3982    i.TIM_ITConfig      stm32f4xx_tim.o
    0x08001dd8   0x0000003c   Code   RO         5318    i.TIM_Mode_Config   bsp_basic_tim.o
    0x08001e14   0x00000084   Code   RO         4029    i.TIM_TimeBaseInit  stm32f4xx_tim.o
    0x08001e98   0x00000018   Code   RO         5319    i.TIMx_Configuration  bsp_basic_tim.o
    0x08001eb0   0x0000002a   Code   RO         5320    i.TIMx_NVIC_Configuration  bsp_basic_tim.o
    0x08001eda   0x00000012   Code   RO         4507    i.USART_ClearFlag   stm32f4xx_usart.o
    0x08001eec   0x00000018   Code   RO         4511    i.USART_Cmd         stm32f4xx_usart.o
    0x08001f04   0x0000001a   Code   RO         4514    i.USART_GetFlagStatus  stm32f4xx_usart.o
    0x08001f1e   0x00000002   PAD
    0x08001f20   0x000000d4   Code   RO         4518    i.USART_Init        stm32f4xx_usart.o
    0x08001ff4   0x00000008   Code   RO         4528    i.USART_SendData    stm32f4xx_usart.o
    0x08001ffc   0x00000004   Code   RO         4892    i.UsageFault_Handler  stm32f4xx_it.o
    0x08002000   0x00000020   Code   RO         7988    i.__0printf$6       mc_w.l(printf6.o)
    0x08002020   0x0000000e   Code   RO         8166    i.__scatterload_copy  mc_w.l(handlers.o)
    0x0800202e   0x00000002   Code   RO         8167    i.__scatterload_null  mc_w.l(handlers.o)
    0x08002030   0x0000000e   Code   RO         8168    i.__scatterload_zeroinit  mc_w.l(handlers.o)
    0x0800203e   0x00000006   Code   RO         6122    i.__set_PRIMASK     bsp_timer.o
    0x08002044   0x000002f0   Code   RO         7995    i._printf_core      mc_w.l(printf6.o)
    0x08002334   0x00000024   Code   RO         7996    i._printf_post_padding  mc_w.l(printf6.o)
    0x08002358   0x0000002e   Code   RO         7997    i._printf_pre_padding  mc_w.l(printf6.o)
    0x08002386   0x00000002   PAD
    0x08002388   0x00000034   Code   RO         6123    i.bsp_CheckTimer    bsp_timer.o
    0x080023bc   0x0000001c   Code   RO         6126    i.bsp_GetRunTime    bsp_timer.o
    0x080023d8   0x00000028   Code   RO         5187    i.bsp_InitAD7606    bsp_ad7606.o
    0x08002400   0x00000098   Code   RO         6127    i.bsp_InitTimer     bsp_timer.o
    0x08002498   0x0000001c   Code   RO         6128    i.bsp_SoftTimerDec  bsp_timer.o
    0x080024b4   0x000000a0   Code   RO         6129    i.bsp_StartAutoTimer  bsp_timer.o
    0x08002554   0x0000002e   Code   RO         6596    i.dhcp_arp_reply    dhcp.o
    0x08002582   0x00000002   PAD
    0x08002584   0x00000148   Code   RO         6601    i.dhcp_create_msg   dhcp.o
    0x080026cc   0x00000084   Code   RO         6602    i.dhcp_decline      dhcp.o
    0x08002750   0x00000028   Code   RO         6603    i.dhcp_delete_msg   dhcp.o
    0x08002778   0x000000c4   Code   RO         6604    i.dhcp_discover     dhcp.o
    0x0800283c   0x00000050   Code   RO         6610    i.dhcp_network_changed  dhcp.o
    0x0800288c   0x00000020   Code   RO         6611    i.dhcp_option       dhcp.o
    0x080028ac   0x00000012   Code   RO         6612    i.dhcp_option_byte  dhcp.o
    0x080028be   0x00000042   Code   RO         6613    i.dhcp_option_long  dhcp.o
    0x08002900   0x00000022   Code   RO         6614    i.dhcp_option_short  dhcp.o
    0x08002922   0x00000046   Code   RO         6615    i.dhcp_option_trailer  dhcp.o
    0x08002968   0x000000a8   Code   RO         6618    i.dhcp_reboot       dhcp.o
    0x08002a10   0x00000010   Code   RO         6623    i.dhcp_set_state    dhcp.o
    0x08002a20   0x0000010c   Code   RO         7683    i.etharp_arp_input  etharp.o
    0x08002b2c   0x00000038   Code   RO         7684    i.etharp_cleanup_netif  etharp.o
    0x08002b64   0x00000160   Code   RO         7686    i.etharp_find_entry  etharp.o
    0x08002cc4   0x00000040   Code   RO         7687    i.etharp_free_entry  etharp.o
    0x08002d04   0x00000148   Code   RO         7688    i.etharp_output     etharp.o
    0x08002e4c   0x0000006c   Code   RO         7689    i.etharp_output_to_arp_index  etharp.o
    0x08002eb8   0x0000015c   Code   RO         7690    i.etharp_query      etharp.o
    0x08003014   0x000000b2   Code   RO         7691    i.etharp_raw        etharp.o
    0x080030c6   0x00000002   PAD
    0x080030c8   0x0000002c   Code   RO         7692    i.etharp_request    etharp.o
    0x080030f4   0x00000038   Code   RO         7693    i.etharp_send_ip    etharp.o
    0x0800312c   0x0000008c   Code   RO         7694    i.etharp_tmr        etharp.o
    0x080031b8   0x000000b8   Code   RO         7695    i.etharp_update_arp_entry  etharp.o
    0x08003270   0x000000b8   Code   RO         7696    i.ethernet_input    etharp.o
    0x08003328   0x00000030   Code   RO         7777    i.ethernetif_init   ethernetif.o
    0x08003358   0x0000002a   Code   RO         7778    i.ethernetif_input  ethernetif.o
    0x08003382   0x00000002   PAD
    0x08003384   0x00000024   Code   RO         5390    i.fputc             bsp_debug_usart.o
    0x080033a8   0x00000050   Code   RO         8094    i.free              mc_w.l(malloc.o)
    0x080033f8   0x00000012   Code   RO         6277    i.icmp_dest_unreach  icmp.o
    0x0800340a   0x00000002   PAD
    0x0800340c   0x0000015c   Code   RO         6278    i.icmp_input        icmp.o
    0x08003568   0x00000070   Code   RO         6279    i.icmp_send_response  icmp.o
    0x080035d8   0x00000012   Code   RO         6280    i.icmp_time_exceeded  icmp.o
    0x080035ea   0x00000014   Code   RO         6334    i.inet_chksum       inet_chksum.o
    0x080035fe   0x00000056   Code   RO         6335    i.inet_chksum_pbuf  inet_chksum.o
    0x08003654   0x0000004e   Code   RO         6444    i.ip4_addr_isbroadcast  ip_addr.o
    0x080036a2   0x00000002   PAD
    0x080036a4   0x000001ac   Code   RO         6497    i.ip_frag           ip_frag.o
    0x08003850   0x0000000a   Code   RO         6498    i.ip_frag_alloc_pbuf_custom_ref  ip_frag.o
    0x0800385a   0x00000012   Code   RO         6499    i.ip_frag_free_pbuf_custom_ref  ip_frag.o
    0x0800386c   0x000001b8   Code   RO         6372    i.ip_input          ip.o
    0x08003a24   0x00000038   Code   RO         6373    i.ip_output         ip.o
    0x08003a5c   0x000000c4   Code   RO         6374    i.ip_output_if      ip.o
    0x08003b20   0x0000018c   Code   RO         6500    i.ip_reass          ip_frag.o
    0x08003cac   0x00000164   Code   RO         6501    i.ip_reass_chain_frag_into_datagram_and_validate  ip_frag.o
    0x08003e10   0x0000002c   Code   RO         6502    i.ip_reass_dequeue_datagram  ip_frag.o
    0x08003e3c   0x00000054   Code   RO         6503    i.ip_reass_enqueue_new_datagram  ip_frag.o
    0x08003e90   0x000000a0   Code   RO         6504    i.ip_reass_free_complete_datagram  ip_frag.o
    0x08003f30   0x0000007c   Code   RO         6505    i.ip_reass_remove_oldest_datagram  ip_frag.o
    0x08003fac   0x00000054   Code   RO         6375    i.ip_route          ip.o
    0x08004000   0x00000020   Code   RO         6507    i.ipfrag_free_pbuf_custom  ip_frag.o
    0x08004020   0x00000080   Code   RO         7779    i.low_level_init    ethernetif.o
    0x080040a0   0x000000e0   Code   RO         7780    i.low_level_input   ethernetif.o
    0x08004180   0x000000e0   Code   RO         7781    i.low_level_output  ethernetif.o
    0x08004260   0x0000001a   Code   RO         6566    i.lwip_htonl        def.o
    0x0800427a   0x0000000c   Code   RO         6567    i.lwip_htons        def.o
    0x08004286   0x0000000c   Code   RO         6568    i.lwip_ntohl        def.o
    0x08004292   0x0000000c   Code   RO         6569    i.lwip_ntohs        def.o
    0x0800429e   0x0000005e   Code   RO         6338    i.lwip_standard_chksum  inet_chksum.o
    0x080042fc   0x000003a8   Code   RO         4765    i.main              main.o
    0x080046a4   0x0000006c   Code   RO         8095    i.malloc            mc_w.l(malloc.o)
    0x08004710   0x00000050   Code   RO         6838    i.mem_free          mem.o
    0x08004760   0x0000005c   Code   RO         6839    i.mem_init          mem.o
    0x080047bc   0x000000ec   Code   RO         6840    i.mem_malloc        mem.o
    0x080048a8   0x0000012c   Code   RO         6841    i.mem_trim          mem.o
    0x080049d4   0x00000020   Code   RO         6882    i.memp_free         memp.o
    0x080049f4   0x00000064   Code   RO         6883    i.memp_init         memp.o
    0x08004a58   0x0000002c   Code   RO         6884    i.memp_malloc       memp.o
    0x08004a84   0x00000070   Code   RO         6921    i.netif_add         netif.o
    0x08004af4   0x00000028   Code   RO         6925    i.netif_set_addr    netif.o
    0x08004b1c   0x0000000c   Code   RO         6926    i.netif_set_default  netif.o
    0x08004b28   0x0000002a   Code   RO         6927    i.netif_set_down    netif.o
    0x08004b52   0x0000000c   Code   RO         6928    i.netif_set_gw      netif.o
    0x08004b5e   0x00000002   PAD
    0x08004b60   0x00000078   Code   RO         6929    i.netif_set_ipaddr  netif.o
    0x08004bd8   0x00000006   Code   RO         6930    i.netif_set_link_callback  netif.o
    0x08004bde   0x0000002a   Code   RO         6931    i.netif_set_link_down  netif.o
    0x08004c08   0x00000050   Code   RO         6932    i.netif_set_link_up  netif.o
    0x08004c58   0x0000000c   Code   RO         6933    i.netif_set_netmask  netif.o
    0x08004c64   0x00000036   Code   RO         6934    i.netif_set_up      netif.o
    0x08004c9a   0x00000192   Code   RO         7021    i.pbuf_alloc        pbuf.o
    0x08004e2c   0x0000006c   Code   RO         7022    i.pbuf_alloced_custom  pbuf.o
    0x08004e98   0x00000038   Code   RO         7023    i.pbuf_cat          pbuf.o
    0x08004ed0   0x00000016   Code   RO         7024    i.pbuf_chain        pbuf.o
    0x08004ee6   0x00000012   Code   RO         7025    i.pbuf_clen         pbuf.o
    0x08004ef8   0x000000c0   Code   RO         7027    i.pbuf_copy         pbuf.o
    0x08004fb8   0x00000092   Code   RO         7028    i.pbuf_copy_partial  pbuf.o
    0x0800504a   0x00000086   Code   RO         7030    i.pbuf_free         pbuf.o
    0x080050d0   0x0000007e   Code   RO         7032    i.pbuf_header       pbuf.o
    0x0800514e   0x00000078   Code   RO         7035    i.pbuf_realloc      pbuf.o
    0x080051c6   0x0000000a   Code   RO         7036    i.pbuf_ref          pbuf.o
    0x080051d0   0x00000074   Code   RO         7038    i.pbuf_take         pbuf.o
    0x08005244   0x00000088   Code   RO         6842    i.plug_holes        mem.o
    0x080052cc   0x00000074   Code   RO         7137    i.raw_input         raw.o
    0x08005340   0x00000094   Code   RO         7203    i.tcp_abandon       tcp.o
    0x080053d4   0x0000000e   Code   RO         7204    i.tcp_abort         tcp.o
    0x080053e2   0x00000002   PAD
    0x080053e4   0x000000bc   Code   RO         7207    i.tcp_alloc         tcp.o
    0x080054a0   0x00000004   Code   RO         7208    i.tcp_arg           tcp.o
    0x080054a4   0x0000001c   Code   RO         7210    i.tcp_close         tcp.o
    0x080054c0   0x000001c8   Code   RO         7211    i.tcp_close_shutdown  tcp.o
    0x08005688   0x00000154   Code   RO         7212    i.tcp_connect       tcp.o
    0x080057dc   0x000000ac   Code   RO         7480    i.tcp_create_segment  tcp_out.o
    0x08005888   0x00000060   Code   RO         5053    i.tcp_echoclient_connect  tcp_echoclient.o
    0x080058e8   0x000000e8   Code   RO         5054    i.tcp_echoclient_connected  tcp_echoclient.o
    0x080059d0   0x00000030   Code   RO         5055    i.tcp_echoclient_connection_close  tcp_echoclient.o
    0x08005a00   0x0000003c   Code   RO         5057    i.tcp_echoclient_poll  tcp_echoclient.o
    0x08005a3c   0x000000c0   Code   RO         5058    i.tcp_echoclient_recv  tcp_echoclient.o
    0x08005afc   0x00000050   Code   RO         5059    i.tcp_echoclient_send  tcp_echoclient.o
    0x08005b4c   0x0000001e   Code   RO         5060    i.tcp_echoclient_sent  tcp_echoclient.o
    0x08005b6a   0x0000002e   Code   RO         7214    i.tcp_eff_send_mss  tcp.o
    0x08005b98   0x00000110   Code   RO         7481    i.tcp_enqueue_flags  tcp_out.o
    0x08005ca8   0x0000007c   Code   RO         7216    i.tcp_fasttmr       tcp.o
    0x08005d24   0x0000047c   Code   RO         7432    i.tcp_input         tcp_in.o
    0x080061a0   0x00000044   Code   RO         7482    i.tcp_keepalive     tcp_out.o
    0x080061e4   0x00000054   Code   RO         7218    i.tcp_kill_prio     tcp.o
    0x08006238   0x0000003c   Code   RO         7219    i.tcp_kill_timewait  tcp.o
    0x08006274   0x00000130   Code   RO         7433    i.tcp_listen_input  tcp_in.o
    0x080063a4   0x0000000a   Code   RO         7221    i.tcp_new           tcp.o
    0x080063ae   0x00000002   PAD
    0x080063b0   0x00000068   Code   RO         7222    i.tcp_new_port      tcp.o
    0x08006418   0x0000001c   Code   RO         7223    i.tcp_next_iss      tcp.o
    0x08006434   0x000001c0   Code   RO         7483    i.tcp_output        tcp_out.o
    0x080065f4   0x00000078   Code   RO         7484    i.tcp_output_alloc_header  tcp_out.o
    0x0800666c   0x000000d0   Code   RO         7485    i.tcp_output_segment  tcp_out.o
    0x0800673c   0x000000b8   Code   RO         7434    i.tcp_parseopt      tcp_in.o
    0x080067f4   0x00000078   Code   RO         7486    i.tcp_pbuf_prealloc  tcp_out.o
    0x0800686c   0x00000040   Code   RO         7224    i.tcp_pcb_purge     tcp.o
    0x080068ac   0x00000090   Code   RO         7225    i.tcp_pcb_remove    tcp.o
    0x0800693c   0x0000000e   Code   RO         7226    i.tcp_poll          tcp.o
    0x0800694a   0x00000002   PAD
    0x0800694c   0x0000058c   Code   RO         7435    i.tcp_process       tcp_in.o
    0x08006ed8   0x0000008c   Code   RO         7227    i.tcp_process_refused_data  tcp.o
    0x08006f64   0x0000005c   Code   RO         5061    i.tcp_pulse_send    tcp_echoclient.o
    0x08006fc0   0x0000063c   Code   RO         7436    i.tcp_receive       tcp_in.o
    0x080075fc   0x00000008   Code   RO         7228    i.tcp_recv          tcp.o
    0x08007604   0x0000002e   Code   RO         7229    i.tcp_recv_null     tcp.o
    0x08007632   0x00000046   Code   RO         7230    i.tcp_recved        tcp.o
    0x08007678   0x0000005a   Code   RO         7487    i.tcp_rexmit        tcp_out.o
    0x080076d2   0x00000070   Code   RO         7488    i.tcp_rexmit_fast   tcp_out.o
    0x08007742   0x0000003a   Code   RO         7489    i.tcp_rexmit_rto    tcp_out.o
    0x0800777c   0x0000007c   Code   RO         7490    i.tcp_rst           tcp_out.o
    0x080077f8   0x0000001a   Code   RO         7231    i.tcp_seg_free      tcp.o
    0x08007812   0x00000018   Code   RO         7232    i.tcp_segs_free     tcp.o
    0x0800782a   0x0000004e   Code   RO         7491    i.tcp_send_empty_ack  tcp_out.o
    0x08007878   0x0000004a   Code   RO         7492    i.tcp_send_fin      tcp_out.o
    0x080078c2   0x00000008   Code   RO         7233    i.tcp_sent          tcp.o
    0x080078ca   0x00000002   PAD
    0x080078cc   0x00000334   Code   RO         7236    i.tcp_slowtmr       tcp.o
    0x08007c00   0x0000008c   Code   RO         5062    i.tcp_temprature_send  tcp_echoclient.o
    0x08007c8c   0x00000002   Code   RO         7577    i.tcp_timer_needed  timers.o
    0x08007c8e   0x00000002   PAD
    0x08007c90   0x000000ac   Code   RO         7437    i.tcp_timewait_input  tcp_in.o
    0x08007d3c   0x00000024   Code   RO         7237    i.tcp_tmr           tcp.o
    0x08007d60   0x0000004e   Code   RO         7238    i.tcp_update_rcv_ann_wnd  tcp.o
    0x08007dae   0x00000002   PAD
    0x08007db0   0x0000004c   Code   RO         5063    i.tcp_vibration_send  tcp_echoclient.o
    0x08007dfc   0x00000384   Code   RO         7493    i.tcp_write         tcp_out.o
    0x08008180   0x00000070   Code   RO         7494    i.tcp_write_checks  tcp_out.o
    0x080081f0   0x000000a4   Code   RO         7495    i.tcp_zero_window_probe  tcp_out.o
    0x08008294   0x00000080   Code   RO         7589    i.udp_bind          udp.o
    0x08008314   0x000001d0   Code   RO         7593    i.udp_input         udp.o
    0x080084e4   0x00000058   Code   RO         7595    i.udp_new_port      udp.o
    0x0800853c   0x000000ce   Code   RO         7600    i.udp_sendto_if     udp.o
    0x0800860a   0x00000030   Data   RO         6133    .constdata          bsp_timer.o
    0x0800863a   0x00000002   PAD
    0x0800863c   0x00000008   Data   RO         6451    .constdata          ip_addr.o
    0x08008644   0x00000024   Data   RO         6886    .constdata          memp.o
    0x08008668   0x00000050   Data   RO         7239    .constdata          tcp.o
    0x080086b8   0x0000000c   Data   RO         7698    .constdata          etharp.o
    0x080086c4   0x00000075   Data   RO         7240    .conststring        tcp.o
    0x08008739   0x00000003   PAD
    0x0800873c   0x00000020   Data   RO         8164    Region$$Table       anon$$obj.o


    Execution Region RW_IRAM1 (Base: 0x20000000, Size: 0x0000bb90, Max: 0x00020000, ABSOLUTE)

    Base Addr    Size         Type   Attr      Idx    E Section Name        Object

    0x20000000   0x00000014   Data   RW           16    .data               system_stm32f4xx.o
    0x20000014   0x00000010   Data   RW         2614    .data               stm32f4xx_rcc.o
    0x20000024   0x00000010   Data   RW         4961    .data               netconf.o
    0x20000034   0x00000014   Data   RW         5065    .data               tcp_echoclient.o
    0x20000048   0x00000002   Data   RW         5189    .data               bsp_ad7606.o
    0x2000004a   0x00000002   PAD
    0x2000004c   0x00000014   Data   RW         5254    .data               bsp_pulse.o
    0x20000060   0x00000004   Data   RW         5322    .data               bsp_basic_tim.o
    0x20000064   0x00000006   Data   RW         5497    .data               lan8742a.o
    0x2000006a   0x00000002   PAD
    0x2000006c   0x00000010   Data   RW         5670    .data               stm32f429_eth.o
    0x2000007c   0x0000000d   Data   RW         6134    .data               bsp_timer.o
    0x20000089   0x00000003   PAD
    0x2000008c   0x00000012   Data   RW         6376    .data               ip.o
    0x2000009e   0x00000002   PAD
    0x200000a0   0x00000006   Data   RW         6508    .data               ip_frag.o
    0x200000a6   0x00000002   PAD
    0x200000a8   0x00000004   Data   RW         6631    .data               dhcp.o
    0x200000ac   0x0000000c   Data   RW         6844    .data               mem.o
    0x200000b8   0x00000009   Data   RW         6935    .data               netif.o
    0x200000c1   0x00000003   PAD
    0x200000c4   0x00000004   Data   RW         7143    .data               raw.o
    0x200000c8   0x00000024   Data   RW         7241    .data               tcp.o
    0x200000ec   0x00000020   Data   RW         7439    .data               tcp_in.o
    0x2000010c   0x00000008   Data   RW         7601    .data               udp.o
    0x20000114   0x00000001   Data   RW         7699    .data               etharp.o
    0x20000115   0x00000003   PAD
    0x20000118   0x00000004   Data   RW         8136    .data               mc_w.l(stdout.o)
    0x2000011c   0x00000004   Data   RW         8141    .data               mc_w.l(mvars.o)
    0x20000120   0x00000004   Data   RW         8142    .data               mc_w.l(mvars.o)
    0x20000124   0x00000038   Zero   RW         4960    .bss                netconf.o
    0x2000015c   0x00000053   Zero   RW         5064    .bss                tcp_echoclient.o
    0x200001af   0x00000001   PAD
    0x200001b0   0x0000102a   Zero   RW         5188    .bss                bsp_ad7606.o
    0x200011da   0x000003e9   Zero   RW         5321    .bss                bsp_basic_tim.o
    0x200015c3   0x00000001   PAD
    0x200015c4   0x000000bc   Zero   RW         5496    .bss                lan8742a.o
    0x20001680   0x00003cd4   Zero   RW         5669    .bss                stm32f429_eth.o
    0x20005354   0x00000030   Zero   RW         6132    .bss                bsp_timer.o
    0x20005384   0x00002814   Zero   RW         6843    .bss                mem.o
    0x20007b98   0x0000391f   Zero   RW         6885    .bss                memp.o
    0x2000b4b7   0x00000001   PAD
    0x2000b4b8   0x00000010   Zero   RW         7438    .bss                tcp_in.o
    0x2000b4c8   0x000000c8   Zero   RW         7697    .bss                etharp.o
    0x2000b590   0x00000200   Zero   RW            2    HEAP                startup_stm32f40xx.o
    0x2000b790   0x00000400   Zero   RW            1    STACK               startup_stm32f40xx.o


==============================================================================

Image component sizes


      Code (inc. data)   RO Data    RW Data    ZI Data      Debug   Object Name

       896         72          0          2       4138       5676   bsp_ad7606.o
       246         26          0          4       1001       2980   bsp_basic_tim.o
       196         12          0          0          0       1369   bsp_debug_usart.o
       252         38          0         20          0       2113   bsp_pulse.o
       558        124         48         13         48      34559   bsp_timer.o
        72          4          0          0          0        557   d12v.o
        62          0          0          0          0       2332   def.o
      1226         26          0          4          0      10096   dhcp.o
      2310         66         12          1        200      14320   etharp.o
       666         46          0          0          0       5042   ethernetif.o
       496          8          0          0          0       4526   icmp.o
         0          0          0          0          0       3864   inet.o
       200          0          0          0          0       2841   inet_chksum.o
       776         32          0         18          0      23404   ip.o
        78          0          8          0          0       7406   ip_addr.o
      1652         36          0          6          0      10929   ip_frag.o
       796         68          0          6        188      52070   lan8742a.o
       936        590          0          0          0      14282   main.o
       844         68          0         12      10260       5337   mem.o
       176         26         36          0      14623       3446   memp.o
       140         24          0          0          0       1843   misc.o
       436        182          0         16         56      15586   netconf.o
       532         24          0          9          0       9990   netif.o
      1450          0          0          0          0      10935   pbuf.o
       116         14          0          4          0       1644   raw.o
        36          8        392          0       1536        996   startup_stm32f40xx.o
      2336        164          0         16      15572      16717   stm32f429_eth.o
       184         16          0          0          0       2476   stm32f4xx_exti.o
       344         16          0          0          0       2305   stm32f4xx_fsmc.o
       218          0          0          0          0       2702   stm32f4xx_gpio.o
        48         18          0          0          0       3988   stm32f4xx_it.o
       392         48          0         16          0       6561   stm32f4xx_rcc.o
        76         10          0          0          0       1414   stm32f4xx_syscfg.o
       220         28          0          0          0       4874   stm32f4xx_tim.o
       288          8          0          0          0       4386   stm32f4xx_usart.o
       340         32          0         20          0     304717   system_stm32f4xx.o
      3112        168        197         36          0      29885   tcp.o
      1046        158          0         20         83      13737   tcp_echoclient.o
      4824        288          0         32         16      17055   tcp_in.o
      3120         10          0          0          0      15783   tcp_out.o
         2          0          0          0          0        523   timers.o
       886         28          0          8          0      13625   udp.o

    ----------------------------------------------------------------------
     32624       2486        730        280      47724     688891   Object Totals
         0          0         32          0          0          0   (incl. Generated)
        40          0          5         17          3          0   (incl. Padding)

    ----------------------------------------------------------------------

      Code (inc. data)   RO Data    RW Data    ZI Data      Debug   Library Member Name

         0          0          0          0          0          0   entry.o
         0          0          0          0          0          0   entry10a.o
         0          0          0          0          0          0   entry11a.o
         8          4          0          0          0          0   entry2.o
         4          0          0          0          0          0   entry5.o
         0          0          0          0          0          0   entry7b.o
         0          0          0          0          0          0   entry8b.o
         8          4          0          0          0          0   entry9a.o
        30          0          0          0          0          0   handlers.o
        36          8          0          0          0         68   init.o
       188         20          0          0          0        160   malloc.o
        26          0          0          0          0         80   memcmp.o
        36          0          0          0          0         68   memcpya.o
        36          0          0          0          0        108   memseta.o
         0          0          0          8          0          0   mvars.o
       866         14          0          0          0        352   printf6.o
         0          0          0          4          0          0   stdout.o
        14          0          0          0          0         68   strlen.o
        44          0          0          0          0         80   uidiv.o

    ----------------------------------------------------------------------
      1298         50          0         12          0        984   Library Totals
         2          0          0          0          0          0   (incl. Padding)

    ----------------------------------------------------------------------

      Code (inc. data)   RO Data    RW Data    ZI Data      Debug   Library Name

      1296         50          0         12          0        984   mc_w.l

    ----------------------------------------------------------------------
      1298         50          0         12          0        984   Library Totals

    ----------------------------------------------------------------------

==============================================================================


      Code (inc. data)   RO Data    RW Data    ZI Data      Debug   

     33922       2536        730        292      47724     665363   Grand Totals
     33922       2536        730        292      47724     665363   ELF Image Totals
     33922       2536        730        292          0          0   ROM Totals

==============================================================================

    Total RO  Size (Code + RO Data)                34652 (  33.84kB)
    Total RW  Size (RW Data + ZI Data)             48016 (  46.89kB)
    Total ROM Size (Code + RO Data + RW Data)      34944 (  34.13kB)

==============================================================================

