###############################################################################
#
# IAR ELF Linker V8.20.1.14183/W32 for ARM                19/Mar/2018  20:00:43
# Copyright 2007-2017 IAR Systems AB.
#
#    Output file  =  
#        C:\Users\Administrator\Desktop\7606\Project\EWARMv6\Flash\Exe\stm32-f4.out
#    Map file     =  
#        C:\Users\Administrator\Desktop\7606\Project\EWARMv6\Flash\List\stm32-f4.map
#    Command line =  
#        -f C:\Users\ADMINI~1\AppData\Local\Temp\EW5543.tmp
#        (C:\Users\Administrator\Desktop\7606\Project\EWARMv6\Flash\Obj\bsp.o
#        C:\Users\Administrator\Desktop\7606\Project\EWARMv6\Flash\Obj\bsp_ad7606.o
#        C:\Users\Administrator\Desktop\7606\Project\EWARMv6\Flash\Obj\bsp_key.o
#        C:\Users\Administrator\Desktop\7606\Project\EWARMv6\Flash\Obj\bsp_led.o
#        C:\Users\Administrator\Desktop\7606\Project\EWARMv6\Flash\Obj\bsp_timer.o
#        C:\Users\Administrator\Desktop\7606\Project\EWARMv6\Flash\Obj\bsp_uart_fifo.o
#        C:\Users\Administrator\Desktop\7606\Project\EWARMv6\Flash\Obj\main.o
#        C:\Users\Administrator\Desktop\7606\Project\EWARMv6\Flash\Obj\misc.o
#        C:\Users\Administrator\Desktop\7606\Project\EWARMv6\Flash\Obj\startup_stm32f40_41xxx.o
#        C:\Users\Administrator\Desktop\7606\Project\EWARMv6\Flash\Obj\stm32f4xx_assert.o
#        C:\Users\Administrator\Desktop\7606\Project\EWARMv6\Flash\Obj\stm32f4xx_exti.o
#        C:\Users\Administrator\Desktop\7606\Project\EWARMv6\Flash\Obj\stm32f4xx_fsmc.o
#        C:\Users\Administrator\Desktop\7606\Project\EWARMv6\Flash\Obj\stm32f4xx_gpio.o
#        C:\Users\Administrator\Desktop\7606\Project\EWARMv6\Flash\Obj\stm32f4xx_it.o
#        C:\Users\Administrator\Desktop\7606\Project\EWARMv6\Flash\Obj\stm32f4xx_rcc.o
#        C:\Users\Administrator\Desktop\7606\Project\EWARMv6\Flash\Obj\stm32f4xx_syscfg.o
#        C:\Users\Administrator\Desktop\7606\Project\EWARMv6\Flash\Obj\stm32f4xx_tim.o
#        C:\Users\Administrator\Desktop\7606\Project\EWARMv6\Flash\Obj\stm32f4xx_usart.o
#        C:\Users\Administrator\Desktop\7606\Project\EWARMv6\Flash\Obj\system_stm32f4xx.o
#        -o
#        C:\Users\Administrator\Desktop\7606\Project\EWARMv6\Flash\Exe\stm32-f4.out
#        --map
#        C:\Users\Administrator\Desktop\7606\Project\EWARMv6\Flash\List\stm32-f4.map
#        --config
#        C:\Users\Administrator\Desktop\7606\Project\EWARMv6\stm32f4xx_flash.icf
#        --semihosting --entry __iar_program_start --vfe --text_out locale)
#
###############################################################################

*******************************************************************************
*** RUNTIME MODEL ATTRIBUTES
***

CppFlavor       = *
__SystemLibrary = DLib
__dlib_version  = 6


*******************************************************************************
*** HEAP SELECTION
***

The basic heap was selected because no calls to memory allocation
functions were found in the application outside of system library
functions, and there are calls to deallocation functions in the
application.


*******************************************************************************
*** PLACEMENT SUMMARY
***

"A0":  place at 0x08000000 { ro section .intvec };
"P1":  place in [from 0x08000000 to 0x080fffff] { ro };
define block CSTACK with size = 16K, alignment = 8 { };
define block HEAP with size = 1K, alignment = 8 { };
"P2":  place in [from 0x20000000 to 0x2001ffff] {
          rw, block CSTACK, block HEAP };
initialize by copy { rw };

  Section            Kind        Address    Size  Object
  -------            ----        -------    ----  ------
"A0":                                      0x188
  .intvec            ro code  0x08000000   0x188  startup_stm32f40_41xxx.o [1]
                            - 0x08000188   0x188

"P1":                                     0x2dcf
  .text              ro code  0x08000188   0x826  bsp_uart_fifo.o [1]
  .text              ro code  0x080009b0   0x1b4  stm32f4xx_rcc.o [1]
  .text              ro code  0x08000b64   0x108  stm32f4xx_gpio.o [1]
  .text              ro code  0x08000c6c   0x1ee  stm32f4xx_usart.o [1]
  .text              ro code  0x08000e5c    0x88  misc.o [1]
  .text              ro code  0x08000ee4   0x674  bsp_ad7606.o [1]
  .text              ro code  0x08001558   0x120  stm32f4xx_fsmc.o [1]
  .text              ro code  0x08001678   0x15c  stm32f4xx_tim.o [1]
  .text              ro code  0x080017d4    0x5c  stm32f4xx_syscfg.o [1]
  .text              ro code  0x08001830    0xb8  stm32f4xx_exti.o [1]
  .text              ro code  0x080018e8   0x4c0  xprintfsmall_nomb.o [3]
  .text              ro code  0x08001da8    0x16  strchr.o [5]
  .text              ro code  0x08001dc0    0x44  xfail_s.o [3]
  .text              ro code  0x08001e04    0x36  strlen.o [5]
  .text              ro code  0x08001e3c    0x58  memchr.o [5]
  .text              ro code  0x08001e94     0x6  abort.o [3]
  .text              ro code  0x08001e9c    0x14  exit.o [6]
  .text              ro code  0x08001eb0   0x3ec  bsp_key.o [1]
  .text              ro code  0x0800229c   0x24c  main.o [1]
  .text              ro code  0x080024e8    0x1c  bsp.o [1]
  .text              ro code  0x08002504   0x224  bsp_timer.o [1]
  .text              ro code  0x08002728    0x28  printf.o [3]
  .text              ro code  0x08002750   0x154  system_stm32f4xx.o [1]
  .rodata            const    0x080028a4    0x48  bsp_timer.o [1]
  .rodata            const    0x080028ec    0x40  main.o [1]
  .text              ro code  0x0800292c    0x40  zero_init3.o [5]
  .text              ro code  0x0800296c    0x3c  stm32f4xx_it.o [1]
  .rodata            const    0x080029a8    0x38  main.o [1]
  .rodata            const    0x080029e0    0x38  main.o [1]
  .text              ro code  0x08002a18    0x38  packbits_init_single.o [5]
  .rodata            const    0x08002a50    0x30  main.o [1]
  .rodata            const    0x08002a80    0x30  main.o [1]
  .rodata            const    0x08002ab0    0x2c  main.o [1]
  .rodata            const    0x08002adc    0x2c  stm32f4xx_it.o [1]
  .rodata            const    0x08002b08    0x28  main.o [1]
  .rodata            const    0x08002b30    0x28  main.o [1]
  .text              ro code  0x08002b58    0x28  data_init.o [5]
  .rodata            const    0x08002b80    0x24  main.o [1]
  .rodata            const    0x08002ba4    0x24  main.o [1]
  .text              ro code  0x08002bc8    0x22  fpinit_M.o [4]
  .iar.init_table    const    0x08002bec    0x20  - Linker created -
  .rodata            const    0x08002c0c    0x20  bsp_timer.o [1]
  .rodata            const    0x08002c2c    0x20  main.o [1]
  .rodata            const    0x08002c4c    0x20  main.o [1]
  .rodata            const    0x08002c6c    0x20  main.o [1]
  .text              ro code  0x08002c8c    0x1e  cmain.o [5]
  .text              ro code  0x08002caa     0x4  low_level_init.o [3]
  .text              ro code  0x08002cae     0x4  exit.o [3]
  .text              ro code  0x08002cb4     0xa  cexit.o [5]
  .rodata            const    0x08002cc0    0x1c  main.o [1]
  .rodata            const    0x08002cdc    0x18  main.o [1]
  .rodata            const    0x08002cf4    0x18  main.o [1]
  .text              ro code  0x08002d0c    0x16  xprout.o [3]
  .text              ro code  0x08002d24     0xc  putchar.o [3]
  .rodata            const    0x08002d30    0x14  bsp_timer.o [1]
  .rodata            const    0x08002d44    0x14  main.o [1]
  .rodata            const    0x08002d58    0x14  main.o [1]
  .rodata            const    0x08002d6c    0x14  main.o [1]
  .text              ro code  0x08002d80    0x10  startup_stm32f40_41xxx.o [1]
  .rodata            const    0x08002d90     0xc  main.o [1]
  .text              ro code  0x08002d9c     0xc  cstartup_M.o [5]
  .rodata            const    0x08002da8     0x8  main.o [1]
  .text              ro code  0x08002db0     0x4  startup_stm32f40_41xxx.o [1]
  .text              ro code  0x08002db4     0x4  startup_stm32f40_41xxx.o [1]
  .text              ro code  0x08002db8     0x4  startup_stm32f40_41xxx.o [1]
  .text              ro code  0x08002dbc     0x4  startup_stm32f40_41xxx.o [1]
  .text              ro code  0x08002dc0     0x4  startup_stm32f40_41xxx.o [1]
  .text              ro code  0x08002dc4     0x4  startup_stm32f40_41xxx.o [1]
  .text              ro code  0x08002dc8     0x4  startup_stm32f40_41xxx.o [1]
  .text              ro code  0x08002dcc     0x4  startup_stm32f40_41xxx.o [1]
  .text              ro code  0x08002dd0     0x4  startup_stm32f40_41xxx.o [1]
  .text              ro code  0x08002dd4     0x4  startup_stm32f40_41xxx.o [1]
  .text              ro code  0x08002dd8     0x4  startup_stm32f40_41xxx.o [1]
  .text              ro code  0x08002ddc     0x4  startup_stm32f40_41xxx.o [1]
  .text              ro code  0x08002de0     0x4  startup_stm32f40_41xxx.o [1]
  .text              ro code  0x08002de4     0x4  startup_stm32f40_41xxx.o [1]
  .text              ro code  0x08002de8     0x4  startup_stm32f40_41xxx.o [1]
  .text              ro code  0x08002dec     0x4  startup_stm32f40_41xxx.o [1]
  .text              ro code  0x08002df0     0x4  startup_stm32f40_41xxx.o [1]
  .text              ro code  0x08002df4     0x4  startup_stm32f40_41xxx.o [1]
  .text              ro code  0x08002df8     0x4  startup_stm32f40_41xxx.o [1]
  .text              ro code  0x08002dfc     0x4  startup_stm32f40_41xxx.o [1]
  .text              ro code  0x08002e00     0x4  startup_stm32f40_41xxx.o [1]
  .text              ro code  0x08002e04     0x4  startup_stm32f40_41xxx.o [1]
  .text              ro code  0x08002e08     0x4  startup_stm32f40_41xxx.o [1]
  .text              ro code  0x08002e0c     0x4  startup_stm32f40_41xxx.o [1]
  .text              ro code  0x08002e10     0x4  startup_stm32f40_41xxx.o [1]
  .text              ro code  0x08002e14     0x4  startup_stm32f40_41xxx.o [1]
  .text              ro code  0x08002e18     0x4  startup_stm32f40_41xxx.o [1]
  .text              ro code  0x08002e1c     0x4  startup_stm32f40_41xxx.o [1]
  .text              ro code  0x08002e20     0x4  startup_stm32f40_41xxx.o [1]
  .text              ro code  0x08002e24     0x4  startup_stm32f40_41xxx.o [1]
  .text              ro code  0x08002e28     0x4  startup_stm32f40_41xxx.o [1]
  .text              ro code  0x08002e2c     0x4  startup_stm32f40_41xxx.o [1]
  .text              ro code  0x08002e30     0x4  startup_stm32f40_41xxx.o [1]
  .text              ro code  0x08002e34     0x4  startup_stm32f40_41xxx.o [1]
  .text              ro code  0x08002e38     0x4  startup_stm32f40_41xxx.o [1]
  .text              ro code  0x08002e3c     0x4  startup_stm32f40_41xxx.o [1]
  .text              ro code  0x08002e40     0x4  startup_stm32f40_41xxx.o [1]
  .text              ro code  0x08002e44     0x4  startup_stm32f40_41xxx.o [1]
  .text              ro code  0x08002e48     0x4  startup_stm32f40_41xxx.o [1]
  .text              ro code  0x08002e4c     0x4  startup_stm32f40_41xxx.o [1]
  .text              ro code  0x08002e50     0x4  startup_stm32f40_41xxx.o [1]
  .text              ro code  0x08002e54     0x4  startup_stm32f40_41xxx.o [1]
  .text              ro code  0x08002e58     0x4  startup_stm32f40_41xxx.o [1]
  .text              ro code  0x08002e5c     0x4  startup_stm32f40_41xxx.o [1]
  .text              ro code  0x08002e60     0x4  startup_stm32f40_41xxx.o [1]
  .text              ro code  0x08002e64     0x4  startup_stm32f40_41xxx.o [1]
  .text              ro code  0x08002e68     0x4  startup_stm32f40_41xxx.o [1]
  .text              ro code  0x08002e6c     0x4  startup_stm32f40_41xxx.o [1]
  .text              ro code  0x08002e70     0x4  startup_stm32f40_41xxx.o [1]
  .text              ro code  0x08002e74     0x4  startup_stm32f40_41xxx.o [1]
  .text              ro code  0x08002e78     0x4  startup_stm32f40_41xxx.o [1]
  .text              ro code  0x08002e7c     0x4  startup_stm32f40_41xxx.o [1]
  .text              ro code  0x08002e80     0x4  startup_stm32f40_41xxx.o [1]
  .text              ro code  0x08002e84     0x4  startup_stm32f40_41xxx.o [1]
  .text              ro code  0x08002e88     0x4  startup_stm32f40_41xxx.o [1]
  .text              ro code  0x08002e8c     0x4  startup_stm32f40_41xxx.o [1]
  .text              ro code  0x08002e90     0x4  startup_stm32f40_41xxx.o [1]
  .text              ro code  0x08002e94     0x4  startup_stm32f40_41xxx.o [1]
  .text              ro code  0x08002e98     0x4  startup_stm32f40_41xxx.o [1]
  .text              ro code  0x08002e9c     0x4  startup_stm32f40_41xxx.o [1]
  .text              ro code  0x08002ea0     0x4  startup_stm32f40_41xxx.o [1]
  .text              ro code  0x08002ea4     0x4  startup_stm32f40_41xxx.o [1]
  .text              ro code  0x08002ea8     0x4  startup_stm32f40_41xxx.o [1]
  .text              ro code  0x08002eac     0x4  startup_stm32f40_41xxx.o [1]
  .text              ro code  0x08002eb0     0x4  startup_stm32f40_41xxx.o [1]
  .text              ro code  0x08002eb4     0x4  startup_stm32f40_41xxx.o [1]
  .text              ro code  0x08002eb8     0x4  startup_stm32f40_41xxx.o [1]
  .text              ro code  0x08002ebc     0x4  startup_stm32f40_41xxx.o [1]
  .text              ro code  0x08002ec0     0x4  startup_stm32f40_41xxx.o [1]
  .text              ro code  0x08002ec4     0x4  startup_stm32f40_41xxx.o [1]
  .text              ro code  0x08002ec8     0x4  startup_stm32f40_41xxx.o [1]
  .text              ro code  0x08002ecc     0x4  startup_stm32f40_41xxx.o [1]
  .text              ro code  0x08002ed0     0x4  startup_stm32f40_41xxx.o [1]
  .text              ro code  0x08002ed4     0x4  startup_stm32f40_41xxx.o [1]
  .text              ro code  0x08002ed8     0x4  startup_stm32f40_41xxx.o [1]
  .text              ro code  0x08002edc     0x4  startup_stm32f40_41xxx.o [1]
  .text              ro code  0x08002ee0     0x4  startup_stm32f40_41xxx.o [1]
  .text              ro code  0x08002ee4     0x4  startup_stm32f40_41xxx.o [1]
  .text              ro code  0x08002ee8     0x4  startup_stm32f40_41xxx.o [1]
  .text              ro code  0x08002eec     0x4  startup_stm32f40_41xxx.o [1]
  .text              ro code  0x08002ef0     0x4  startup_stm32f40_41xxx.o [1]
  .text              ro code  0x08002ef4     0x4  startup_stm32f40_41xxx.o [1]
  .text              ro code  0x08002ef8     0x4  startup_stm32f40_41xxx.o [1]
  .text              ro code  0x08002efc     0x4  startup_stm32f40_41xxx.o [1]
  .text              ro code  0x08002f00     0x4  startup_stm32f40_41xxx.o [1]
  .text              ro code  0x08002f04     0x4  startup_stm32f40_41xxx.o [1]
  .text              ro code  0x08002f08     0x4  startup_stm32f40_41xxx.o [1]
  .text              ro code  0x08002f0c     0x4  startup_stm32f40_41xxx.o [1]
  .text              ro code  0x08002f10     0x4  startup_stm32f40_41xxx.o [1]
  .text              ro code  0x08002f14     0x4  startup_stm32f40_41xxx.o [1]
  .text              ro code  0x08002f18     0x4  startup_stm32f40_41xxx.o [1]
  .rodata            const    0x08002f1c     0x0  zero_init3.o [5]
  .rodata            const    0x08002f1c     0x0  packbits_init_single.o [5]
  Initializer bytes  const    0x08002f1c    0x3b  <for P2-1>
                            - 0x08002f57  0x2dcf

"P2", part 1 of 3:                          0x5c
  P2-1                        0x20000000    0x5c  <Init block>
    .data            inited   0x20000000    0x10  stm32f4xx_rcc.o [1]
    .data            inited   0x20000010     0x4  system_stm32f4xx.o [1]
    .data            inited   0x20000014    0x48  xfiles.o [3]
                            - 0x2000005c    0x5c

"P2", part 2 of 3:                        0x31fc
  .bss               zero     0x2000005c  0x1008  bsp_ad7606.o [1]
  .bss               zero     0x20001064   0x800  bsp_uart_fifo.o [1]
  .bss               zero     0x20001864   0x400  bsp_uart_fifo.o [1]
  .bss               zero     0x20001c64   0x400  bsp_uart_fifo.o [1]
  .bss               zero     0x20002064   0x400  bsp_uart_fifo.o [1]
  .bss               zero     0x20002464   0x400  bsp_uart_fifo.o [1]
  .bss               zero     0x20002864   0x400  bsp_uart_fifo.o [1]
  .bss               zero     0x20002c64   0x400  bsp_uart_fifo.o [1]
  .bss               zero     0x20003064    0xa0  bsp_key.o [1]
  .bss               zero     0x20003104    0x50  xfiles.o [3]
  .bss               zero     0x20003154    0x30  bsp_timer.o [1]
  .bss               zero     0x20003184    0x28  bsp_uart_fifo.o [1]
  .bss               zero     0x200031ac    0x28  bsp_uart_fifo.o [1]
  .bss               zero     0x200031d4    0x28  bsp_uart_fifo.o [1]
  .bss               zero     0x200031fc    0x28  bsp_uart_fifo.o [1]
  .bss               zero     0x20003224    0x14  bsp_ad7606.o [1]
  .bss               zero     0x20003238    0x10  bsp_key.o [1]
  .bss               zero     0x20003248     0x4  bsp_timer.o [1]
  .bss               zero     0x2000324c     0x4  bsp_timer.o [1]
  .bss               zero     0x20003250     0x4  xfail_s.o [3]
  .bss               zero     0x20003254     0x1  bsp_timer.o [1]
  .bss               zero     0x20003255     0x1  bsp_timer.o [1]
  .bss               zero     0x20003256     0x1  bsp_uart_fifo.o [1]
                            - 0x20003257  0x31fb

"P2", part 3 of 3:                        0x4000
  CSTACK                      0x20003258  0x4000  <Block>
    CSTACK           uninit   0x20003258  0x4000  <Block tail>
                            - 0x20007258  0x4000


*******************************************************************************
*** INIT TABLE
***

          Address     Size
          -------     ----
Zero (__iar_zero_init3)
    1 destination range, total size 0x31fb:
          0x2000005c  0x31fb

Copy/packbits (__iar_packbits_init_single3)
    1 source range, total size 0x3b (64% of destination):
          0x08002f1c    0x3b
    1 destination range, total size 0x5c:
          0x20000000    0x5c



*******************************************************************************
*** MODULE SUMMARY
***

    Module                    ro code  ro data  rw data
    ------                    -------  -------  -------
C:\Users\Administrator\Desktop\7606\Project\EWARMv6\Flash\Obj: [1]
    bsp.o                          28
    bsp_ad7606.o                1 652             4 124
    bsp_key.o                   1 004               176
    bsp_timer.o                   548      124       58
    bsp_uart_fifo.o             2 086             8 353
    main.o                        588      720
    misc.o                        136
    startup_stm32f40_41xxx.o      772
    stm32f4xx_exti.o              184
    stm32f4xx_fsmc.o              288
    stm32f4xx_gpio.o              264
    stm32f4xx_it.o                 60       44
    stm32f4xx_rcc.o               436       10       16
    stm32f4xx_syscfg.o             92
    stm32f4xx_tim.o               348
    stm32f4xx_usart.o             494
    system_stm32f4xx.o            340        2        4
    ---------------------------------------------------
    Total:                      9 320      900   12 731

command line: [2]
    ---------------------------------------------------
    Total:

dl7M_tlf.a: [3]
    abort.o                         6
    exit.o                          4
    low_level_init.o                4
    printf.o                       40
    putchar.o                      12
    xfail_s.o                      68                 4
    xfiles.o                                47      152
    xprintfsmall_nomb.o         1 216
    xprout.o                       22
    ---------------------------------------------------
    Total:                      1 372       47      156

m7M_tls.a: [4]
    fpinit_M.o                     34
    ---------------------------------------------------
    Total:                         34

rt7M_tl.a: [5]
    cexit.o                        10
    cmain.o                        30
    cstartup_M.o                   12
    data_init.o                    40
    memchr.o                       88
    packbits_init_single.o         56
    strchr.o                       22
    strlen.o                       54
    zero_init3.o                   64
    ---------------------------------------------------
    Total:                        376

shb_l.a: [6]
    exit.o                         20
    ---------------------------------------------------
    Total:                         20

    Gaps                           14        4
    Linker created                          32   16 384
-------------------------------------------------------
    Grand Total:               11 136      983   29 271


*******************************************************************************
*** ENTRY LIST
***

Entry                      Address    Size  Type      Object
-----                      -------    ----  ----      ------
.iar.init_table$$Base   0x08002bec           --   Gb  - Linker created -
.iar.init_table$$Limit  0x08002c0c           --   Gb  - Linker created -
?main                   0x08002c8d          Code  Gb  cmain.o [5]
AD7606_CtrlLinesConfig  0x08000f0b   0x198  Code  Lc  bsp_ad7606.o [1]
AD7606_EnterAutoMode    0x080012e7   0x130  Code  Gb  bsp_ad7606.o [1]
AD7606_FSMCConfig       0x080010a3    0x70  Code  Lc  bsp_ad7606.o [1]
AD7606_ISR              0x080014a7    0x60  Code  Gb  bsp_ad7606.o [1]
AD7606_ReadNowAdc       0x08001295    0x52  Code  Gb  bsp_ad7606.o [1]
AD7606_Reset            0x08001247    0x2c  Code  Gb  bsp_ad7606.o [1]
AD7606_SetInputRange    0x0800121b    0x2c  Code  Gb  bsp_ad7606.o [1]
AD7606_SetOS            0x08001113   0x108  Code  Gb  bsp_ad7606.o [1]
AD7606_StartConvst      0x08001273    0x22  Code  Gb  bsp_ad7606.o [1]
AD7606_StartRecord      0x08001417    0x30  Code  Gb  bsp_ad7606.o [1]
AD7606_StopRecord       0x08001447    0x60  Code  Gb  bsp_ad7606.o [1]
APBAHBPrescTable        0x20000000    0x10  Data  Lc  stm32f4xx_rcc.o [1]
BusFault_Handler        0x0800299f     0x2  Code  Gb  stm32f4xx_it.o [1]
CSTACK$$Base            0x20003258           --   Gb  - Linker created -
CSTACK$$Limit           0x20007258           --   Gb  - Linker created -
ComToUart               0x08000199    0x4a  Code  Gb  bsp_uart_fifo.o [1]
ConfigUartNVIC          0x0800073d    0x6c  Code  Lc  bsp_uart_fifo.o [1]
DebugMon_Handler        0x080029a5     0x2  Code  Gb  stm32f4xx_it.o [1]
DispMenu                0x0800240f    0x28  Code  Lc  main.o [1]
EXTI9_5_IRQHandler      0x08001541    0x18  Code  Gb  bsp_ad7606.o [1]
EXTI_ClearITPendingBit  0x080018cd     0x6  Code  Gb  stm32f4xx_exti.o [1]
EXTI_GetITStatus        0x080018b7    0x16  Code  Gb  stm32f4xx_exti.o [1]
EXTI_Init               0x08001831    0x86  Code  Gb  stm32f4xx_exti.o [1]
FSMC_NORSRAMCmd         0x0800163b    0x34  Code  Gb  stm32f4xx_fsmc.o [1]
FSMC_NORSRAMInit        0x08001559    0xe2  Code  Gb  stm32f4xx_fsmc.o [1]
GPIO_Init               0x08000b65    0xa8  Code  Gb  stm32f4xx_gpio.o [1]
GPIO_PinAFConfig        0x08000c0d    0x60  Code  Gb  stm32f4xx_gpio.o [1]
HardFault_Handler       0x0800296f    0x20  Code  Gb  stm32f4xx_it.o [1]
InitHardUart            0x08000423   0x31a  Code  Lc  bsp_uart_fifo.o [1]
IsKeyDown1              0x08001eb1    0x12  Code  Lc  bsp_key.o [1]
IsKeyDown10             0x08001f5b    0x1a  Code  Lc  bsp_key.o [1]
IsKeyDown2              0x08001ec3    0x12  Code  Lc  bsp_key.o [1]
IsKeyDown3              0x08001ed5    0x12  Code  Lc  bsp_key.o [1]
IsKeyDown4              0x08001ee7    0x12  Code  Lc  bsp_key.o [1]
IsKeyDown5              0x08001ef9    0x12  Code  Lc  bsp_key.o [1]
IsKeyDown6              0x08001f0b    0x12  Code  Lc  bsp_key.o [1]
IsKeyDown7              0x08001f1d    0x12  Code  Lc  bsp_key.o [1]
IsKeyDown8              0x08001f2f    0x12  Code  Lc  bsp_key.o [1]
IsKeyDown9              0x08001f41    0x1a  Code  Lc  bsp_key.o [1]
LoadInt                 0x08001af7    0x56  Code  Lc  xprintfsmall_nomb.o [3]
MemManage_Handler       0x0800299d     0x2  Code  Gb  stm32f4xx_it.o [1]
NMI_Handler             0x0800296d     0x2  Code  Gb  stm32f4xx_it.o [1]
NVIC_Init               0x08000e67    0x68  Code  Gb  misc.o [1]
NVIC_PriorityGroupConfig
                        0x08000e5d     0xa  Code  Gb  misc.o [1]
NVIC_SetPriority        0x08002505    0x26  Code  Lc  bsp_timer.o [1]
PendSV_Handler          0x080029a7     0x2  Code  Gb  stm32f4xx_it.o [1]
PrintfLogo              0x08002437    0x4c  Code  Lc  main.o [1]
RCC_AHB1PeriphClockCmd  0x08000ac9    0x1e  Code  Gb  stm32f4xx_rcc.o [1]
RCC_AHB3PeriphClockCmd  0x08000ae7    0x1e  Code  Gb  stm32f4xx_rcc.o [1]
RCC_APB1PeriphClockCmd  0x08000b05    0x1e  Code  Gb  stm32f4xx_rcc.o [1]
RCC_APB2PeriphClockCmd  0x08000b23    0x1e  Code  Gb  stm32f4xx_rcc.o [1]
RCC_GetClocksFreq       0x080009b1   0x118  Code  Gb  stm32f4xx_rcc.o [1]
Region$$Table$$Base     0x08002bec           --   Gb  - Linker created -
Region$$Table$$Limit    0x08002c0c           --   Gb  - Linker created -
SVC_Handler             0x080029a3     0x2  Code  Gb  stm32f4xx_it.o [1]
SYSCFG_EXTILineConfig   0x080017d5    0x58  Code  Gb  stm32f4xx_syscfg.o [1]
SetSysClock             0x080027a3    0xce  Code  Lc  system_stm32f4xx.o [1]
SysTick_Config          0x0800252b    0x30  Code  Lc  bsp_timer.o [1]
SysTick_Handler         0x08002721     0x8  Code  Gb  bsp_timer.o [1]
SysTick_ISR             0x080025b9    0x78  Code  Gb  bsp_timer.o [1]
SysTick_ISR::s_count    0x20003255     0x1  Data  Lc  bsp_timer.o [1]
SystemCoreClock         0x20000010     0x4  Data  Gb  system_stm32f4xx.o [1]
SystemInit              0x08002751    0x52  Code  Gb  system_stm32f4xx.o [1]
TIM_ARRPreloadConfig    0x080016e5    0x1c  Code  Gb  stm32f4xx_tim.o [1]
TIM_Cmd                 0x08001701    0x1c  Code  Gb  stm32f4xx_tim.o [1]
TIM_OC3Init             0x0800171d    0x86  Code  Gb  stm32f4xx_tim.o [1]
TIM_OC3PreloadConfig    0x080017c1    0x14  Code  Gb  stm32f4xx_tim.o [1]
TIM_TimeBaseInit        0x08001679    0x6c  Code  Gb  stm32f4xx_tim.o [1]
USART1_IRQHandler       0x0800090f     0xa  Code  Gb  bsp_uart_fifo.o [1]
USART2_IRQHandler       0x08000919     0xa  Code  Gb  bsp_uart_fifo.o [1]
USART3_IRQHandler       0x08000923     0xa  Code  Gb  bsp_uart_fifo.o [1]
USART3_SendBefor        0x08000223     0xa  Code  Gb  bsp_uart_fifo.o [1]
USART3_SendOver         0x0800022d     0xa  Code  Gb  bsp_uart_fifo.o [1]
USART6_IRQHandler       0x0800092d     0xa  Code  Gb  bsp_uart_fifo.o [1]
USART_ClearFlag         0x08000de7     0xc  Code  Gb  stm32f4xx_usart.o [1]
USART_Cmd               0x08000d51    0x1c  Code  Gb  stm32f4xx_usart.o [1]
USART_GetITStatus       0x08000df3    0x68  Code  Gb  stm32f4xx_usart.o [1]
USART_ITConfig          0x08000d7d    0x6a  Code  Gb  stm32f4xx_usart.o [1]
USART_Init              0x08000c6d    0xd6  Code  Gb  stm32f4xx_usart.o [1]
USART_ReceiveData       0x08000d75     0x8  Code  Gb  stm32f4xx_usart.o [1]
USART_SendData          0x08000d6d     0x8  Code  Gb  stm32f4xx_usart.o [1]
UartIRQ                 0x08000817    0xf8  Code  Lc  bsp_uart_fifo.o [1]
UartSend                0x080007a9    0x6e  Code  Lc  bsp_uart_fifo.o [1]
UartVarInit             0x08000237   0x1ec  Code  Lc  bsp_uart_fifo.o [1]
UsageFault_Handler      0x080029a1     0x2  Code  Gb  stm32f4xx_it.o [1]
_LitobSmallNoMb         0x08001c89    0xce  Code  Lc  xprintfsmall_nomb.o [3]
_PrintfSmallNoMb        0x080018e9   0x204  Code  Gb  xprintfsmall_nomb.o [3]
_Prout                  0x08002d0d    0x16  Code  Gb  xprout.o [3]
_PutcharsSmallNoMb      0x08001d57    0x2e  Code  Lc  xprintfsmall_nomb.o [3]
_PutfldSmallNoMb        0x08001b4d   0x13c  Code  Lc  xprintfsmall_nomb.o [3]
__cmain                 0x08002c8d          Code  Gb  cmain.o [5]
__exit                  0x08001e9d    0x14  Code  Gb  exit.o [6]
__iar_Fail_s            0x08001dc1    0x1e  Code  Gb  xfail_s.o [3]
__iar_Memchr            0x08001e3d          Code  Gb  memchr.o [5]
__iar_Stdout            0x20000014    0x48  Data  Gb  xfiles.o [3]
__iar_Strchr            0x08001da9          Code  Gb  strchr.o [5]
__iar_data_init3        0x08002b59    0x28  Code  Gb  data_init.o [5]
__iar_init_vfp          0x08002bc9          Code  Gb  fpinit_M.o [4]
__iar_packbits_init_single3
                        0x08002a19    0x38  Code  Gb  packbits_init_single.o [5]
__iar_program_start     0x08002d9d          Code  Gb  cstartup_M.o [5]
__iar_systems$$module {Abs}
                        0x00000001          Data  Gb  command line/config [2]
__iar_zero_init3        0x0800292d    0x40  Code  Gb  zero_init3.o [5]
__low_level_init        0x08002cab     0x4  Code  Gb  low_level_init.o [3]
__vector_table          0x08000000          Data  Gb  startup_stm32f40_41xxx.o [1]
_call_main              0x08002c99          Code  Gb  cmain.o [5]
_exit                   0x08002cb5          Code  Gb  cexit.o [5]
_main                   0x08002ca7          Code  Gb  cmain.o [5]
abort                   0x08001e95     0x6  Code  Gb  abort.o [3]
bsp_CheckTimer          0x080026b1    0x36  Code  Gb  bsp_timer.o [1]
bsp_DetectKey           0x0800214d    0xe0  Code  Lc  bsp_key.o [1]
bsp_GetKey              0x08001faf    0x34  Code  Gb  bsp_key.o [1]
bsp_Idle                0x08002503     0x2  Code  Gb  bsp.o [1]
bsp_Init                0x080024e9    0x10  Code  Gb  bsp.o [1]
bsp_InitAD7606          0x08000ee5    0x26  Code  Gb  bsp_ad7606.o [1]
bsp_InitKey             0x08001f75     0xc  Code  Gb  bsp_key.o [1]
bsp_InitKeyHard         0x08001fe3    0x90  Code  Lc  bsp_key.o [1]
bsp_InitKeyVar          0x08002073    0xda  Code  Lc  bsp_key.o [1]
bsp_InitTimer           0x0800255b    0x5e  Code  Gb  bsp_timer.o [1]
bsp_InitUart            0x08000189    0x10  Code  Gb  bsp_uart_fifo.o [1]
bsp_KeyScan             0x08002285    0x18  Code  Gb  bsp_key.o [1]
bsp_PutKey              0x08001f81    0x2e  Code  Gb  bsp_key.o [1]
bsp_RunPer10ms          0x080024f9     0x8  Code  Gb  bsp.o [1]
bsp_RunPer1ms           0x08002501     0x2  Code  Gb  bsp.o [1]
bsp_SoftTimerDec        0x08002631    0x20  Code  Lc  bsp_timer.o [1]
bsp_StartAutoTimer      0x08002651    0x60  Code  Gb  bsp_timer.o [1]
bsp_StartAutoTimer::__FUNCTION__
                        0x08002d30    0x14  Data  Lc  bsp_timer.o [1]
comSendBuf              0x080001e3    0x2e  Code  Gb  bsp_uart_fifo.o [1]
comSendChar             0x08000211    0x12  Code  Gb  bsp_uart_fifo.o [1]
exit                    0x08002caf     0x4  Code  Gb  exit.o [3]
fputc                   0x08000999    0x16  Code  Gb  bsp_uart_fifo.o [1]
g_RxBuf1                0x20001c64   0x400  Data  Lc  bsp_uart_fifo.o [1]
g_RxBuf2                0x20001064   0x800  Data  Lc  bsp_uart_fifo.o [1]
g_RxBuf3                0x20002464   0x400  Data  Lc  bsp_uart_fifo.o [1]
g_RxBuf6                0x20002c64   0x400  Data  Lc  bsp_uart_fifo.o [1]
g_TxBuf1                0x20001864   0x400  Data  Lc  bsp_uart_fifo.o [1]
g_TxBuf2                0x20003256     0x1  Data  Lc  bsp_uart_fifo.o [1]
g_TxBuf3                0x20002064   0x400  Data  Lc  bsp_uart_fifo.o [1]
g_TxBuf6                0x20002864   0x400  Data  Lc  bsp_uart_fifo.o [1]
g_iRunTime              0x2000324c     0x4  Data  Gb  bsp_timer.o [1]
g_tAD7606               0x20003224    0x14  Data  Gb  bsp_ad7606.o [1]
g_tAdcFifo              0x2000005c  0x1008  Data  Gb  bsp_ad7606.o [1]
g_tUart1                0x20003184    0x28  Data  Lc  bsp_uart_fifo.o [1]
g_tUart2                0x200031ac    0x28  Data  Lc  bsp_uart_fifo.o [1]
g_tUart3                0x200031d4    0x28  Data  Lc  bsp_uart_fifo.o [1]
g_tUart6                0x200031fc    0x28  Data  Lc  bsp_uart_fifo.o [1]
main                    0x0800229d   0x172  Code  Gb  main.o [1]
memchr                  0x08001e3d          Code  Gb  memchr.o [5]
obuf                    0x20003104    0x50  Data  Lc  xfiles.o [3]
printf                  0x08002729    0x28  Code  Gb  printf.o [3]
putchar                 0x08002d25     0xc  Code  Gb  putchar.o [3]
s_tBtn                  0x20003064    0xa0  Data  Lc  bsp_key.o [1]
s_tKey                  0x20003238    0x10  Data  Lc  bsp_key.o [1]
s_tTmr                  0x20003154    0x30  Data  Lc  bsp_timer.o [1]
s_ucTimeOutFlag         0x20003254     0x1  Data  Lc  bsp_timer.o [1]
s_uiDelayCount          0x20003248     0x4  Data  Lc  bsp_timer.o [1]
sec_hand                0x20003250     0x4  Data  Lc  xfail_s.o [3]
strchr                  0x08001da9          Code  Gb  strchr.o [5]
strlen                  0x08001e05          Code  Gb  strlen.o [5]


[1] = C:\Users\Administrator\Desktop\7606\Project\EWARMv6\Flash\Obj
[2] = command line
[3] = dl7M_tlf.a
[4] = m7M_tls.a
[5] = rt7M_tl.a
[6] = shb_l.a

  11 136 bytes of readonly  code memory
     983 bytes of readonly  data memory
  29 271 bytes of readwrite data memory

Errors: none
Warnings: none
